Archive member included to satisfy reference by file (symbol)

../../libDaisy//build\libdaisy.a(daisy_seed.o)
                              build/master_level.o (daisy::DaisySeed::StartAudio(void (*)(float const* const*, float**, unsigned int)))
../../libDaisy//build\libdaisy.a(codec_ak4556.o)
                              ../../libDaisy//build\libdaisy.a(daisy_seed.o) (daisy::Ak4556::Init(dsy_gpio_pin))
../../libDaisy//build\libdaisy.a(codec_wm8731.o)
                              ../../libDaisy//build\libdaisy.a(daisy_seed.o) (daisy::Wm8731::Init(daisy::Wm8731::Config const&, daisy::I2CHandle))
../../libDaisy//build\libdaisy.a(sdram.o)
                              ../../libDaisy//build\libdaisy.a(daisy_seed.o) (SdramHandle::Init())
../../libDaisy//build\libdaisy.a(audio.o)
                              ../../libDaisy//build\libdaisy.a(daisy_seed.o) (daisy::AudioHandle::Init(daisy::AudioHandle::Config const&, daisy::SaiHandle))
../../libDaisy//build\libdaisy.a(logger.o)
                              build/master_level.o (daisy::Logger<(daisy::LoggerDestination)1>::PrintLine(char const*, ...))
../../libDaisy//build\libdaisy.a(usb.o)
                              ../../libDaisy//build\libdaisy.a(logger.o) (daisy::UsbHandle::Init(daisy::UsbHandle::UsbPeriph))
../../libDaisy//build\libdaisy.a(adc.o)
                              build/master_level.o (daisy::AdcChannelConfig::InitSingle(dsy_gpio_pin, daisy::AdcChannelConfig::ConversionSpeed))
../../libDaisy//build\libdaisy.a(gpio.o)
                              ../../libDaisy//build\libdaisy.a(daisy_seed.o) (daisy::GPIO::Init(daisy::Pin, daisy::GPIO::Mode, daisy::GPIO::Pull, daisy::GPIO::Speed))
../../libDaisy//build\libdaisy.a(i2c.o)
                              ../../libDaisy//build\libdaisy.a(daisy_seed.o) (daisy::I2CHandle::Init(daisy::I2CHandle::Config const&))
../../libDaisy//build\libdaisy.a(qspi.o)
                              ../../libDaisy//build\libdaisy.a(daisy_seed.o) (daisy::QSPIHandle::Init(daisy::QSPIHandle::Config const&))
../../libDaisy//build\libdaisy.a(sai.o)
                              ../../libDaisy//build\libdaisy.a(daisy_seed.o) (daisy::SaiHandle::Init(daisy::SaiHandle::Config const&))
../../libDaisy//build\libdaisy.a(system.o)
                              ../../libDaisy//build\libdaisy.a(daisy_seed.o) (daisy::System::DeInit())
../../libDaisy//build\libdaisy.a(system_stm32h7xx.o)
                              build/startup_stm32h750xx.o (SystemInit)
../../libDaisy//build\libdaisy.a(usbd_cdc_if.o)
                              ../../libDaisy//build\libdaisy.a(usb.o) (CDC_Transmit_FS)
../../libDaisy//build\libdaisy.a(usbd_conf.o)
                              ../../libDaisy//build\libdaisy.a(system.o) (hpcd_USB_OTG_HS)
../../libDaisy//build\libdaisy.a(usbd_desc.o)
                              ../../libDaisy//build\libdaisy.a(usb.o) (HS_Desc)
../../libDaisy//build\libdaisy.a(usbh_conf.o)
                              ../../libDaisy//build\libdaisy.a(system.o) (hhcd_USB_OTG_HS)
../../libDaisy//build\libdaisy.a(hal_map.o)
                              ../../libDaisy//build\libdaisy.a(gpio.o) (dsy_hal_map_get_port)
../../libDaisy//build\libdaisy.a(stm32h7xx_hal.o)
                              ../../libDaisy//build\libdaisy.a(system.o) (HAL_Init)
../../libDaisy//build\libdaisy.a(stm32h7xx_hal_adc.o)
                              ../../libDaisy//build\libdaisy.a(adc.o) (HAL_ADC_ConfigChannel)
../../libDaisy//build\libdaisy.a(stm32h7xx_hal_adc_ex.o)
                              ../../libDaisy//build\libdaisy.a(adc.o) (HAL_ADCEx_Calibration_Start)
../../libDaisy//build\libdaisy.a(stm32h7xx_hal_cortex.o)
                              ../../libDaisy//build\libdaisy.a(stm32h7xx_hal.o) (HAL_NVIC_SetPriorityGrouping)
../../libDaisy//build\libdaisy.a(stm32h7xx_hal_dma.o)
                              ../../libDaisy//build\libdaisy.a(adc.o) (HAL_DMA_Init)
../../libDaisy//build\libdaisy.a(stm32h7xx_hal_gpio.o)
                              ../../libDaisy//build\libdaisy.a(sdram.o) (HAL_GPIO_Init)
../../libDaisy//build\libdaisy.a(stm32h7xx_hal_hcd.o)
                              ../../libDaisy//build\libdaisy.a(usbh_conf.o) (HAL_HCD_HC_Init)
../../libDaisy//build\libdaisy.a(stm32h7xx_hal_i2c.o)
                              ../../libDaisy//build\libdaisy.a(i2c.o) (HAL_I2C_Init)
../../libDaisy//build\libdaisy.a(stm32h7xx_hal_i2c_ex.o)
                              ../../libDaisy//build\libdaisy.a(i2c.o) (HAL_I2CEx_ConfigAnalogFilter)
../../libDaisy//build\libdaisy.a(stm32h7xx_hal_pcd.o)
                              ../../libDaisy//build\libdaisy.a(usbd_conf.o) (HAL_PCD_Init)
../../libDaisy//build\libdaisy.a(stm32h7xx_hal_pcd_ex.o)
                              ../../libDaisy//build\libdaisy.a(usbd_conf.o) (HAL_PCDEx_SetTxFiFo)
../../libDaisy//build\libdaisy.a(stm32h7xx_hal_pwr_ex.o)
                              ../../libDaisy//build\libdaisy.a(system.o) (HAL_PWREx_ConfigSupply)
../../libDaisy//build\libdaisy.a(stm32h7xx_hal_qspi.o)
[...]
Memory Configuration

Name             Origin             Length             Attributes
FLASH            0x08000000         0x00020000         xr
DTCMRAM          0x20000000         0x00020000         xrw
SRAM             0x24000000         0x00080000         xrw
RAM_D2           0x30000000         0x00048000         xrw
RAM_D3           0x38000000         0x00010000         xrw
BACKUP_SRAM      0x38800000         0x00001000         xrw
ITCMRAM          0x00000000         0x00010000         xrw
SDRAM            0xc0000000         0x04000000         xrw
QSPIFLASH        0x90000000         0x00800000         xr
*default*        0x00000000         0xffffffff

Linker script and memory map

LOAD c:/program files/daisytoolchain/bin/../lib/gcc/arm-none-eabi/10.2.1/thumb/v7e-m+dp/hard/crti.o
LOAD c:/program files/daisytoolchain/bin/../lib/gcc/arm-none-eabi/10.2.1/thumb/v7e-m+dp/hard/crtbegin.o
LOAD c:/program files/daisytoolchain/bin/../lib/gcc/arm-none-eabi/10.2.1/../../../../arm-none-eabi/lib/thumb/v7e-m+dp/hard/crt0.o
LOAD build/startup_stm32h750xx.o
LOAD build/master_level.o
LOAD build/fft_library.o
LOAD build/serial_library.o
LOAD ../../libDaisy//build\libdaisy.a
LOAD c:/program files/daisytoolchain/bin/../lib/gcc/arm-none-eabi/10.2.1/../../../../arm-none-eabi/lib/thumb/v7e-m+dp/hard\libnosys.a
LOAD ../../DaisySP//build\libdaisysp.a
LOAD c:/program files/daisytoolchain/bin/../lib/gcc/arm-none-eabi/10.2.1/../../../../arm-none-eabi/lib/thumb/v7e-m+dp/hard\libstdc++_nano.a
LOAD c:/program files/daisytoolchain/bin/../lib/gcc/arm-none-eabi/10.2.1/../../../../arm-none-eabi/lib/thumb/v7e-m+dp/hard\libm.a
LOAD c:/program files/daisytoolchain/bin/../lib/gcc/arm-none-eabi/10.2.1/../../../../arm-none-eabi/lib/thumb/v7e-m+dp/hard\libc_nano.a
START GROUP
LOAD c:/program files/daisytoolchain/bin/../lib/gcc/arm-none-eabi/10.2.1/thumb/v7e-m+dp/hard\libgcc.a
LOAD c:/program files/daisytoolchain/bin/../lib/gcc/arm-none-eabi/10.2.1/../../../../arm-none-eabi/lib/thumb/v7e-m+dp/hard\libc_nano.a
END GROUP
START GROUP
LOAD c:/program files/daisytoolchain/bin/../lib/gcc/arm-none-eabi/10.2.1/thumb/v7e-m+dp/hard\libgcc.a
LOAD c:/program files/daisytoolchain/bin/../lib/gcc/arm-none-eabi/10.2.1/../../../../arm-none-eabi/lib/thumb/v7e-m+dp/hard\libc_nano.a
LOAD c:/program files/daisytoolchain/bin/../lib/gcc/arm-none-eabi/10.2.1/../../../../arm-none-eabi/lib/thumb/v7e-m+dp/hard\libnosys.a
END GROUP
START GROUP
LOAD c:/program files/daisytoolchain/bin/../lib/gcc/arm-none-eabi/10.2.1/thumb/v7e-m+dp/hard\libgcc.a
LOAD c:/program files/daisytoolchain/bin/../lib/gcc/arm-none-eabi/10.2.1/../../../../arm-none-eabi/lib/thumb/v7e-m+dp/hard\libc_nano.a
LOAD c:/program files/daisytoolchain/bin/../lib/gcc/arm-none-eabi/10.2.1/../../../../arm-none-eabi/lib/thumb/v7e-m+dp/hard\libnosys.a
END GROUP
LOAD c:/program files/daisytoolchain/bin/../lib/gcc/arm-none-eabi/10.2.1/thumb/v7e-m+dp/hard/crtend.o
LOAD c:/program files/daisytoolchain/bin/../lib/gcc/arm-none-eabi/10.2.1/thumb/v7e-m+dp/hard/crtn.o
                0x20020000                _estack = 0x20020000

.isr_vector     0x08000000      0x298
                0x08000000                . = ALIGN (0x4)
 *(.isr_vector)
 .isr_vector    0x08000000      0x298 build/startup_stm32h750xx.o
                0x08000000                g_pfnVectors
                0x08000298                . = ALIGN (0x4)

.text           0x080002a0    0x148e8
                0x080002a0                . = ALIGN (0x4)
                0x080002a0                _stext = .
 *(.text)
 .text          0x080002a0       0x40 c:/program files/daisytoolchain/bin/../lib/gcc/arm-none-eabi/10.2.1/thumb/v7e-m+dp/hard/crtbegin.o
 .text          0x080002e0       0xa0 c:/program files/daisytoolchain/bin/../lib/gcc/arm-none-eabi/10.2.1/../../../../arm-none-eabi/lib/thumb/v7e-m+dp/hard\libc_nano.a(lib_a-memchr.o)
                0x080002e0                memchr
 .text          0x08000380      0x378 c:/program files/daisytoolchain/bin/../lib/gcc/arm-none-eabi/10.2.1/thumb/v7e-m+dp/hard\libgcc.a(_arm_addsubdf3.o)
                0x08000380                __aeabi_drsub
                0x08000388                __aeabi_dsub
                0x08000388                __subdf3
                0x0800038c                __aeabi_dadd
                0x0800038c                __adddf3
                0x08000604                __floatunsidf
                0x08000604                __aeabi_ui2d
                0x08000624                __floatsidf
                0x08000624                __aeabi_i2d
                0x08000648                __aeabi_f2d
                0x08000648                __extendsfdf2
                0x0800068c                __floatundidf
                0x0800068c                __aeabi_ul2d
                0x0800069c                __floatdidf
                0x0800069c                __aeabi_l2d
 .text          0x080006f8       0x30 c:/program files/daisytoolchain/bin/../lib/gcc/arm-none-eabi/10.2.1/thumb/v7e-m+dp/hard\libgcc.a(_aeabi_uldivmod.o)
                0x080006f8                __aeabi_uldivmod
 .text          0x08000728      0x294 c:/program files/daisytoolchain/bin/../lib/gcc/arm-none-eabi/10.2.1/thumb/v7e-m+dp/hard\libgcc.a(_mulsc3.o)
                0x08000728                __mulsc3
 .text          0x080009bc      0x2d0 c:/program files/daisytoolchain/bin/../lib/gcc/arm-none-eabi/10.2.1/thumb/v7e-m+dp/hard\libgcc.a(_udivmoddi4.o)
                0x080009bc                __udivmoddi4
 .text          0x08000c8c        0x4 c:/program files/daisytoolchain/bin/../lib/gcc/arm-none-eabi/10.2.1/thumb/v7e-m+dp/hard\libgcc.a(_dvmd_tls.o)
                0x08000c8c                __aeabi_idiv0
                0x08000c8c                __aeabi_ldiv0
 *(.text*)
 .text.Default_Handler
                0x08000c90        0x4 build/startup_stm32h750xx.o
                0x08000c90                RTC_Alarm_IRQHandler
                0x08000c90                HASH_RNG_IRQHandler
                0x08000c90                EXTI2_IRQHandler
                0x08000c90                TIM8_CC_IRQHandler
                0x08000c90                HRTIM1_Master_IRQHandler
                0x08000c90                DebugMon_Handler
                0x08000c90                TIM1_CC_IRQHandler
                0x08000c90                BDMA_Channel6_IRQHandler
                0x08000c90                DMA2_Stream5_IRQHandler
                0x08000c90                HRTIM1_FLT_IRQHandler
                0x08000c90                JPEG_IRQHandler
                0x08000c90                BDMA_Channel1_IRQHandler
                0x08000c90                HRTIM1_TIMD_IRQHandler
                0x08000c90                TAMP_STAMP_IRQHandler
                0x08000c90                PendSV_Handler
                0x08000c90                NMI_Handler
                0x08000c90                EXTI3_IRQHandler
                0x08000c90                LPTIM4_IRQHandler
                0x08000c90                TIM8_TRG_COM_TIM14_IRQHandler
                0x08000c90                LPTIM2_IRQHandler
                0x08000c90                DFSDM1_FLT1_IRQHandler
                0x08000c90                DMAMUX2_OVR_IRQHandler
                0x08000c90                TIM8_UP_TIM13_IRQHandler
                0x08000c90                I2C3_ER_IRQHandler
                0x08000c90                DFSDM1_FLT2_IRQHandler
                0x08000c90                MDMA_IRQHandler
                0x08000c90                LPTIM3_IRQHandler
                0x08000c90                HSEM1_IRQHandler
                0x08000c90                EXTI0_IRQHandler
                0x08000c90                FPU_IRQHandler
                0x08000c90                OTG_HS_WKUP_IRQHandler
                0x08000c90                FDCAN1_IT1_IRQHandler
                0x08000c90                UsageFault_Handler
                0x08000c90                LTDC_ER_IRQHandler
                0x08000c90                HRTIM1_TIME_IRQHandler
                0x08000c90                TIM6_DAC_IRQHandler
                0x08000c90                DCMI_IRQHandler
                0x08000c90                HRTIM1_TIMC_IRQHandler
                0x08000c90                SAI2_IRQHandler
                0x08000c90                DFSDM1_FLT3_IRQHandler
                0x08000c90                TIM17_IRQHandler
                0x08000c90                CRYP_IRQHandler
                0x08000c90                BDMA_Channel7_IRQHandler
                0x08000c90                LPTIM5_IRQHandler
                0x08000c90                ADC3_IRQHandler
                0x08000c90                DMA2_Stream0_IRQHandler
                0x08000c90                BDMA_Channel2_IRQHandler
                0x08000c90                DMAMUX1_OVR_IRQHandler
                0x08000c90                TIM16_IRQHandler
                0x08000c90                BDMA_Channel5_IRQHandler
                0x08000c90                RCC_IRQHandler
                0x08000c90                TIM8_BRK_TIM12_IRQHandler
                0x08000c90                TIM1_TRG_COM_IRQHandler
                0x08000c90                Default_Handler
                0x08000c90                ECC_IRQHandler
                0x08000c90                CEC_IRQHandler
                0x08000c90                EXTI15_10_IRQHandler
                0x08000c90                BDMA_Channel0_IRQHandler
                0x08000c90                ADC_IRQHandler
                0x08000c90                DMA1_Stream7_IRQHandler
                0x08000c90                HRTIM1_TIMA_IRQHandler
                0x08000c90                TIM7_IRQHandler
                0x08000c90                SDMMC1_IRQHandler
                0x08000c90                DMA2_Stream7_IRQHandler
                0x08000c90                TIM15_IRQHandler
                0x08000c90                PVD_AVD_IRQHandler
                0x08000c90                EXTI9_5_IRQHandler
                0x08000c90                RTC_WKUP_IRQHandler
                0x08000c90                LTDC_IRQHandler
                0x08000c90                SAI3_IRQHandler
                0x08000c90                ETH_WKUP_IRQHandler
                0x08000c90                SPDIF_RX_IRQHandler
                0x08000c90                MemManage_Handler
                0x08000c90                SVC_Handler
                0x08000c90                CRS_IRQHandler
                0x08000c90                EXTI4_IRQHandler
                0x08000c90                HRTIM1_TIMB_IRQHandler
                0x08000c90                FDCAN2_IT1_IRQHandler
                0x08000c90                ETH_IRQHandler
                0x08000c90                TIM1_UP_IRQHandler
                0x08000c90                BDMA_Channel4_IRQHandler
                0x08000c90                WWDG_IRQHandler
                0x08000c90                SPI6_IRQHandler
                0x08000c90                I2C4_EV_IRQHandler
                0x08000c90                MDIOS_IRQHandler
                0x08000c90                FDCAN2_IT0_IRQHandler
                0x08000c90                FDCAN1_IT0_IRQHandler
                0x08000c90                OTG_FS_WKUP_IRQHandler
                0x08000c90                DMA2D_IRQHandler
                0x08000c90                TIM1_BRK_IRQHandler
                0x08000c90                EXTI1_IRQHandler
                0x08000c90                SDMMC2_IRQHandler
                0x08000c90                BDMA_Channel3_IRQHandler
                0x08000c90                MDIOS_WKUP_IRQHandler
                0x08000c90                DFSDM1_FLT0_IRQHandler
                0x08000c90                SAI4_IRQHandler
                0x08000c90                I2C2_ER_IRQHandler
                0x08000c90                DMA2_Stream1_IRQHandler
                0x08000c90                FLASH_IRQHandler
                0x08000c90                BusFault_Handler
                0x08000c90                WAKEUP_PIN_IRQHandler
                0x08000c90                I2C1_ER_IRQHandler
                0x08000c90                FMC_IRQHandler
                0x08000c90                FDCAN_CAL_IRQHandler
                0x08000c90                SWPMI1_IRQHandler
                0x08000c90                COMP1_IRQHandler
                0x08000c90                LPTIM1_IRQHandler
                0x08000c90                I2C4_ER_IRQHandler
                0x08000c90                DMA2_Stream6_IRQHandler
                0x08000c90                SAI1_IRQHandler
 .text.Reset_Handler
                0x08000c94       0x44 build/startup_stm32h750xx.o
                0x08000c94                Reset_Handler
 .text._ZN5daisy9DaisySeedD2Ev
                0x08000cd8        0x4 build/master_level.o
                0x08000cd8                daisy::DaisySeed::~DaisySeed()
                0x08000cd8                daisy::DaisySeed::~DaisySeed()
 .text._Z10MyCallbackPKPKfPPfj
                0x08000cdc       0xc8 build/master_level.o
                0x08000cdc                MyCallback(float const* const*, float**, unsigned int)
 *fill*         0x08000da4        0x4 
 .text.startup.main
                0x08000da8      0x2d0 build/master_level.o
                0x08000da8                main
 .text.startup._GLOBAL__sub_I_hw
                0x08001078       0x38 build/master_level.o
 .text._ZN10FFTLibraryC2Ef
                0x080010b0        0x8 build/fft_library.o
                0x080010b0                FFTLibrary::FFTLibrary(float)
                0x080010b0                FFTLibrary::FFTLibrary(float)
 .text._ZN10FFTLibrary18applyHanningWindowERSt6vectorISt7complexIfESaIS2_EE
                0x080010b8       0x80 build/fft_library.o
                0x080010b8                FFTLibrary::applyHanningWindow(std::vector<std::complex<float>, std::allocator<std::complex<float> > >&)
 .text._ZN10FFTLibrary3fftERSt6vectorISt7complexIfESaIS2_EE
                0x08001138      0x1ec build/fft_library.o
                0x08001138                FFTLibrary::fft(std::vector<std::complex<float>, std::allocator<std::complex<float> > >&)
 .text._ZN10FFTLibrary21getFrequencyMagnitudeEPKfjff
                0x08001324      0x13c build/fft_library.o
                0x08001324                FFTLibrary::getFrequencyMagnitude(float const*, unsigned int, float, float)
 .text._ZN13SerialLibrary11UsbCallbackEPhPm
                0x08001460       0x58 build/serial_library.o
                0x08001460                SerialLibrary::UsbCallback(unsigned char*, unsigned long*)
 .text._ZN13SerialLibraryC2ERN5daisy9DaisySeedE
                0x080014b8       0x34 build/serial_library.o
                0x080014b8                SerialLibrary::SerialLibrary(daisy::DaisySeed&)
                0x080014b8                SerialLibrary::SerialLibrary(daisy::DaisySeed&)
 .text._ZN13SerialLibrary4InitEv
                0x080014ec       0x20 build/serial_library.o
                0x080014ec                SerialLibrary::Init()
 .text._ZN5daisy9DaisySeed10StartAudioEPFvPKPKfPPfjE
                0x0800150c        0x8 ../../libDaisy//build\libdaisy.a(daisy_seed.o)
                0x0800150c                daisy::DaisySeed::StartAudio(void (*)(float const* const*, float**, unsigned int))
 .text._ZN5daisy9DaisySeed18SetAudioSampleRateENS_9SaiHandle6Config10SampleRateE
                0x08001514       0x38 ../../libDaisy//build\libdaisy.a(daisy_seed.o)
                0x08001514                daisy::DaisySeed::SetAudioSampleRate(daisy::SaiHandle::Config::SampleRate)
 .text._ZN5daisy9DaisySeed15AudioSampleRateEv
                0x0800154c        0x8 ../../libDaisy//build\libdaisy.a(daisy_seed.o)
                0x0800154c                daisy::DaisySeed::AudioSampleRate()
 .text._ZN5daisy9DaisySeed17SetAudioBlockSizeEj
                0x08001554       0x38 ../../libDaisy//build\libdaisy.a(daisy_seed.o)
                0x08001554                daisy::DaisySeed::SetAudioBlockSize(unsigned int)
 .text._ZN5daisy9DaisySeed17CheckBoardVersionEv
                0x0800158c       0x6c ../../libDaisy//build\libdaisy.a(daisy_seed.o)
                0x0800158c                daisy::DaisySeed::CheckBoardVersion()
 .text._ZN5daisy9DaisySeed14ConfigureAudioEv
                0x080015f8      0x10c ../../libDaisy//build\libdaisy.a(daisy_seed.o)
                0x080015f8                daisy::DaisySeed::ConfigureAudio()
 .text._ZN5daisy9DaisySeed4InitEb
                0x08001704      0x108 ../../libDaisy//build\libdaisy.a(daisy_seed.o)
                0x08001704                daisy::DaisySeed::Init(bool)
 .text._ZN5daisy6Ak45564InitE12dsy_gpio_pin
                0x0800180c       0x44 ../../libDaisy//build\libdaisy.a(codec_ak4556.o)
                0x0800180c                daisy::Ak4556::Init(dsy_gpio_pin)
 .text._ZN5daisy6Wm873120WriteControlRegisterEht
                0x08001850       0x3c ../../libDaisy//build\libdaisy.a(codec_wm8731.o)
                0x08001850                daisy::Wm8731::WriteControlRegister(unsigned char, unsigned short)
 .text._ZN5daisy6Wm87314InitERKNS0_6ConfigENS_9I2CHandleE
                0x0800188c      0x1bc ../../libDaisy//build\libdaisy.a(codec_wm8731.o)
                0x0800188c                daisy::Wm8731::Init(daisy::Wm8731::Config const&, daisy::I2CHandle)
 .text._ZN11SdramHandle10DeviceInitEv
                0x08001a48       0x98 ../../libDaisy//build\libdaisy.a(sdram.o)
                0x08001a48                SdramHandle::DeviceInit()
 .text._ZN11SdramHandle4InitEv
                0x08001ae0       0x7c ../../libDaisy//build\libdaisy.a(sdram.o)
                0x08001ae0                SdramHandle::Init()
 .text.HAL_SDRAM_MspInit
                0x08001b5c      0x1a8 ../../libDaisy//build\libdaisy.a(sdram.o)
                0x08001b5c                HAL_SDRAM_MspInit
 .text._ZN5daisy11AudioHandle4Impl16InternalCallbackEPlS2_j
                0x08001d04      0xbbc ../../libDaisy//build\libdaisy.a(audio.o)
                0x08001d04                daisy::AudioHandle::Impl::InternalCallback(long*, long*, unsigned int)
 .text._ZN5daisy11AudioHandle4InitERKNS0_6ConfigENS_9SaiHandleE
                0x080028c0       0x70 ../../libDaisy//build\libdaisy.a(audio.o)
                0x080028c0                daisy::AudioHandle::Init(daisy::AudioHandle::Config const&, daisy::SaiHandle)
 .text._ZNK5daisy11AudioHandle9GetConfigEv
                0x08002930        0x8 ../../libDaisy//build\libdaisy.a(audio.o)
                0x08002930                daisy::AudioHandle::GetConfig() const
 .text._ZN5daisy11AudioHandle12SetBlockSizeEj
                0x08002938       0x1c ../../libDaisy//build\libdaisy.a(audio.o)
                0x08002938                daisy::AudioHandle::SetBlockSize(unsigned int)
 .text._ZN5daisy11AudioHandle13GetSampleRateEv
                0x08002954        0x8 ../../libDaisy//build\libdaisy.a(audio.o)
                0x08002954                daisy::AudioHandle::GetSampleRate()
 .text._ZN5daisy11AudioHandle13SetSampleRateENS_9SaiHandle6Config10SampleRateE
                0x0800295c       0x88 ../../libDaisy//build\libdaisy.a(audio.o)
                0x0800295c                daisy::AudioHandle::SetSampleRate(daisy::SaiHandle::Config::SampleRate)
 .text._ZN5daisy11AudioHandle5StartEPFvPKPKfPPfjE
                0x080029e4       0x44 ../../libDaisy//build\libdaisy.a(audio.o)
                0x080029e4                daisy::AudioHandle::Start(void (*)(float const* const*, float**, unsigned int))
 .text.startup._GLOBAL__sub_I__ZN5daisy11AudioHandle4Impl4InitENS0_6ConfigENS_9SaiHandleE
                0x08002a28       0x24 ../../libDaisy//build\libdaisy.a(audio.o)
 .text._ZN5daisy9UsbHandleD2Ev
                0x08002a4c        0x4 ../../libDaisy//build\libdaisy.a(logger.o)
                0x08002a4c                daisy::UsbHandle::~UsbHandle()
                0x08002a4c                daisy::UsbHandle::~UsbHandle()
 .text._ZN5daisy6LoggerILNS_17LoggerDestinationE1EE11TransmitBufEv
                0x08002a50       0x60 ../../libDaisy//build\libdaisy.a(logger.o)
                0x08002a50                daisy::Logger<(daisy::LoggerDestination)1>::TransmitBuf()
 .text._ZN5daisy6LoggerILNS_17LoggerDestinationE1EE13AppendNewLineEv
                0x08002ab0       0x60 ../../libDaisy//build\libdaisy.a(logger.o)
                0x08002ab0                daisy::Logger<(daisy::LoggerDestination)1>::AppendNewLine()
 .text._ZN5daisy6LoggerILNS_17LoggerDestinationE1EE10PrintLineVEPKcSt9__va_list
                0x08002b10       0x30 ../../libDaisy//build\libdaisy.a(logger.o)
                0x08002b10                daisy::Logger<(daisy::LoggerDestination)1>::PrintLineV(char const*, std::__va_list)
 .text._ZN5daisy6LoggerILNS_17LoggerDestinationE1EE9PrintLineEPKcz
                0x08002b40       0x1c ../../libDaisy//build\libdaisy.a(logger.o)
                0x08002b40                daisy::Logger<(daisy::LoggerDestination)1>::PrintLine(char const*, ...)
 .text._ZN5daisy6LoggerILNS_17LoggerDestinationE1EE8StartLogEb
                0x08002b5c       0x40 ../../libDaisy//build\libdaisy.a(logger.o)
                0x08002b5c                daisy::Logger<(daisy::LoggerDestination)1>::StartLog(bool)
 .text.startup._GLOBAL__sub_I__ZN5daisy10LoggerImplILNS_17LoggerDestinationE1EE11usb_handle_E
                0x08002b9c       0x2c ../../libDaisy//build\libdaisy.a(logger.o)
 .text.DummyRxCallback
                0x08002bc8        0x4 ../../libDaisy//build\libdaisy.a(usb.o)
                0x08002bc8                DummyRxCallback
 .text._ZN5daisy9UsbHandle4InitENS0_9UsbPeriphE
                0x08002bcc      0x10c ../../libDaisy//build\libdaisy.a(usb.o)
                0x08002bcc                daisy::UsbHandle::Init(daisy::UsbHandle::UsbPeriph)
 .text._ZN5daisy9UsbHandle16TransmitInternalEPhj
                0x08002cd8       0x14 ../../libDaisy//build\libdaisy.a(usb.o)
                0x08002cd8                daisy::UsbHandle::TransmitInternal(unsigned char*, unsigned int)
 .text._ZN5daisy9UsbHandle18SetReceiveCallbackEPFvPhPmENS0_9UsbPeriphE
                0x08002cec       0x38 ../../libDaisy//build\libdaisy.a(usb.o)
                0x08002cec                daisy::UsbHandle::SetReceiveCallback(void (*)(unsigned char*, unsigned long*), daisy::UsbHandle::UsbPeriph)
 .text.OTG_FS_EP1_OUT_IRQHandler
                0x08002d24        0xc ../../libDaisy//build\libdaisy.a(usb.o)
                0x08002d24                OTG_FS_EP1_OUT_IRQHandler
 .text.OTG_FS_EP1_IN_IRQHandler
                0x08002d30        0xc ../../libDaisy//build\libdaisy.a(usb.o)
                0x08002d30                OTG_FS_EP1_IN_IRQHandler
 .text.OTG_FS_IRQHandler
                0x08002d3c        0xc ../../libDaisy//build\libdaisy.a(usb.o)
                0x08002d3c                OTG_FS_IRQHandler
 .text._ZN5daisy16AdcChannelConfig10InitSingleE12dsy_gpio_pinNS0_15ConversionSpeedE
                0x08002d48       0x28 ../../libDaisy//build\libdaisy.a(adc.o)
                0x08002d48                daisy::AdcChannelConfig::InitSingle(dsy_gpio_pin, daisy::AdcChannelConfig::ConversionSpeed)
 .text._ZN5daisy9AdcHandle4InitEPNS_16AdcChannelConfigEjNS0_12OverSamplingE
                0x08002d70      0x41c ../../libDaisy//build\libdaisy.a(adc.o)
                0x08002d70                daisy::AdcHandle::Init(daisy::AdcChannelConfig*, unsigned int, daisy::AdcHandle::OverSampling)
 .text._ZN5daisy9AdcHandle5StartEv
                0x0800318c       0x2c ../../libDaisy//build\libdaisy.a(adc.o)
                0x0800318c                daisy::AdcHandle::Start()
 .text._ZNK5daisy9AdcHandle8GetFloatEh
                0x080031b8       0x20 ../../libDaisy//build\libdaisy.a(adc.o)
                0x080031b8                daisy::AdcHandle::GetFloat(unsigned char) const
 .text.HAL_ADC_MspInit
                0x080031d8       0x98 ../../libDaisy//build\libdaisy.a(adc.o)
                0x080031d8                HAL_ADC_MspInit
 .text.DMA1_Stream2_IRQHandler
                0x08003270        0xc ../../libDaisy//build\libdaisy.a(adc.o)
                0x08003270                DMA1_Stream2_IRQHandler
 .text.HAL_ADC_ConvCpltCallback
                0x0800327c      0x148 ../../libDaisy//build\libdaisy.a(adc.o)
                0x0800327c                HAL_ADC_ConvCpltCallback
 .text.HAL_ADC_ErrorCallback
                0x080033c4        0x4 ../../libDaisy//build\libdaisy.a(adc.o)
                0x080033c4                HAL_ADC_ErrorCallback
 .text._ZN5daisy4GPIO4InitENS_3PinENS0_4ModeENS0_4PullENS0_5SpeedE
                0x080033c8      0x1cc ../../libDaisy//build\libdaisy.a(gpio.o)
                0x080033c8                daisy::GPIO::Init(daisy::Pin, daisy::GPIO::Mode, daisy::GPIO::Pull, daisy::GPIO::Speed)
 .text._ZN5daisy4GPIO4ReadEv
                0x08003594       0x18 ../../libDaisy//build\libdaisy.a(gpio.o)
                0x08003594                daisy::GPIO::Read()
 .text._ZN5daisy4GPIO5WriteEb
                0x080035ac       0x14 ../../libDaisy//build\libdaisy.a(gpio.o)
                0x080035ac                daisy::GPIO::Write(bool)
 .text.dsy_gpio_init
                0x080035c0      0x1b8 ../../libDaisy//build\libdaisy.a(gpio.o)
                0x080035c0                dsy_gpio_init
 .text.dsy_gpio_write
                0x08003778       0x24 ../../libDaisy//build\libdaisy.a(gpio.o)
                0x08003778                dsy_gpio_write
 .text._ZN5daisy9I2CHandle4Impl8InitPinsEv
                0x0800379c       0x58 ../../libDaisy//build\libdaisy.a(i2c.o)
                0x0800379c                daisy::I2CHandle::Impl::InitPins()
 .text.HAL_I2C_MspInit
                0x080037f4      0x1b4 ../../libDaisy//build\libdaisy.a(i2c.o)
                0x080037f4                HAL_I2C_MspInit
 .text.dsy_i2c_global_init
                0x080039a8       0x78 ../../libDaisy//build\libdaisy.a(i2c.o)
                0x080039a8                dsy_i2c_global_init
 .text.DMA1_Stream6_IRQHandler
                0x08003a20       0x34 ../../libDaisy//build\libdaisy.a(i2c.o)
                0x08003a20                DMA1_Stream6_IRQHandler
 .text.I2C1_EV_IRQHandler
                0x08003a54        0xc ../../libDaisy//build\libdaisy.a(i2c.o)
                0x08003a54                I2C1_EV_IRQHandler
 .text.I2C2_EV_IRQHandler
                0x08003a60        0xc ../../libDaisy//build\libdaisy.a(i2c.o)
                0x08003a60                I2C2_EV_IRQHandler
 .text.I2C3_EV_IRQHandler
                0x08003a6c        0xc ../../libDaisy//build\libdaisy.a(i2c.o)
                0x08003a6c                I2C3_EV_IRQHandler
 .text._ZN5daisy9I2CHandle4InitERKNS0_6ConfigE
                0x08003a78      0x12c ../../libDaisy//build\libdaisy.a(i2c.o)
                0x08003a78                daisy::I2CHandle::Init(daisy::I2CHandle::Config const&)
 .text._ZN5daisy9I2CHandle16TransmitBlockingEtPhtm
                0x08003ba4       0x50 ../../libDaisy//build\libdaisy.a(i2c.o)
                0x08003ba4                daisy::I2CHandle::TransmitBlocking(unsigned short, unsigned char*, unsigned short, unsigned long)
 .text.startup._GLOBAL__sub_I__ZN5daisy9I2CHandle4Impl10GlobalInitEv
                0x08003bf4       0x18 ../../libDaisy//build\libdaisy.a(i2c.o)
 .text._ZN5daisy10QSPIHandle4Impl11WriteEnableEv
                0x08003c0c       0x8c ../../libDaisy//build\libdaisy.a(qspi.o)
                0x08003c0c                daisy::QSPIHandle::Impl::WriteEnable()
 .text._ZN5daisy10QSPIHandle4Impl17DummyCyclesConfigENS0_6Config6DeviceE
                0x08003c98      0x118 ../../libDaisy//build\libdaisy.a(qspi.o)
                0x08003c98                daisy::QSPIHandle::Impl::DummyCyclesConfig(daisy::QSPIHandle::Config::Device)
 .text._ZN5daisy10QSPIHandle4Impl10QuadEnableEv
                0x08003db0      0x158 ../../libDaisy//build\libdaisy.a(qspi.o)
                0x08003db0                daisy::QSPIHandle::Impl::QuadEnable()
 .text._ZN5daisy10QSPIHandle4InitERKNS0_6ConfigE
                0x08003f08      0x198 ../../libDaisy//build\libdaisy.a(qspi.o)
                0x08003f08                daisy::QSPIHandle::Init(daisy::QSPIHandle::Config const&)
 .text.HAL_QSPI_MspInit
                0x080040a0      0x11c ../../libDaisy//build\libdaisy.a(qspi.o)
                0x080040a0                HAL_QSPI_MspInit
 .text.HAL_QSPI_MspDeInit
                0x080041bc       0x54 ../../libDaisy//build\libdaisy.a(qspi.o)
                0x080041bc                HAL_QSPI_MspDeInit
 .text.QUADSPI_IRQHandler
                0x08004210        0xc ../../libDaisy//build\libdaisy.a(qspi.o)
                0x08004210                QUADSPI_IRQHandler
 .text.startup._GLOBAL__sub_I__ZN5daisy10QSPIHandle4Impl4InitERKNS0_6ConfigE
                0x0800421c       0x28 ../../libDaisy//build\libdaisy.a(qspi.o)
 .text._ZN5daisy9SaiHandle4Impl7InitDmaENS1_15PeripheralBlockE
                0x08004244       0xa0 ../../libDaisy//build\libdaisy.a(sai.o)
                0x08004244                daisy::SaiHandle::Impl::InitDma(daisy::SaiHandle::Impl::PeripheralBlock)
 .text._ZN5daisy9SaiHandle4Impl8InitPinsEv
                0x080042e4       0xa8 ../../libDaisy//build\libdaisy.a(sai.o)
                0x080042e4                daisy::SaiHandle::Impl::InitPins()
 .text.HAL_SAI_MspInit
                0x0800438c      0x164 ../../libDaisy//build\libdaisy.a(sai.o)
                0x0800438c                HAL_SAI_MspInit
 .text.DMA1_Stream0_IRQHandler
                0x080044f0        0xc ../../libDaisy//build\libdaisy.a(sai.o)
                0x080044f0                DMA1_Stream0_IRQHandler
 .text.DMA1_Stream1_IRQHandler
                0x080044fc        0xc ../../libDaisy//build\libdaisy.a(sai.o)
                0x080044fc                DMA1_Stream1_IRQHandler
 .text.DMA1_Stream3_IRQHandler
                0x08004508        0xc ../../libDaisy//build\libdaisy.a(sai.o)
                0x08004508                DMA1_Stream3_IRQHandler
 .text.DMA1_Stream4_IRQHandler
                0x08004514        0xc ../../libDaisy//build\libdaisy.a(sai.o)
                0x08004514                DMA1_Stream4_IRQHandler
 .text.HAL_SAI_RxHalfCpltCallback
                0x08004520       0x78 ../../libDaisy//build\libdaisy.a(sai.o)
                0x08004520                HAL_SAI_RxHalfCpltCallback
 .text.HAL_SAI_RxCpltCallback
                0x08004598       0x70 ../../libDaisy//build\libdaisy.a(sai.o)
                0x08004598                HAL_SAI_RxCpltCallback
 .text._ZN5daisy9SaiHandle4InitERKNS0_6ConfigE
                0x08004608      0x1f0 ../../libDaisy//build\libdaisy.a(sai.o)
                0x08004608                daisy::SaiHandle::Init(daisy::SaiHandle::Config const&)
 .text._ZNK5daisy9SaiHandle9GetConfigEv
                0x080047f8        0x4 ../../libDaisy//build\libdaisy.a(sai.o)
                0x080047f8                daisy::SaiHandle::GetConfig() const
 .text._ZN5daisy9SaiHandle8StartDmaEPlS1_jPFvS1_S1_jE
                0x080047fc       0xbc ../../libDaisy//build\libdaisy.a(sai.o)
                0x080047fc                daisy::SaiHandle::StartDma(long*, long*, unsigned int, void (*)(long*, long*, unsigned int))
 .text._ZN5daisy9SaiHandle13GetSampleRateEv
                0x080048b8       0x24 ../../libDaisy//build\libdaisy.a(sai.o)
                0x080048b8                daisy::SaiHandle::GetSampleRate()
 .text._ZNK5daisy9SaiHandle9GetOffsetEv
                0x080048dc        0x8 ../../libDaisy//build\libdaisy.a(sai.o)
                0x080048dc                daisy::SaiHandle::GetOffset() const
 .text._ZN5daisy11TimerHandleD2Ev
                0x080048e4        0x4 ../../libDaisy//build\libdaisy.a(system.o)
                0x080048e4                daisy::TimerHandle::~TimerHandle()
                0x080048e4                daisy::TimerHandle::~TimerHandle()
 .text.SysTick_Handler
                0x080048e8       0x10 ../../libDaisy//build\libdaisy.a(system.o)
                0x080048e8                SysTick_Handler
 .text.OTG_HS_EP1_OUT_IRQHandler
                0x080048f8       0x24 ../../libDaisy//build\libdaisy.a(system.o)
                0x080048f8                OTG_HS_EP1_OUT_IRQHandler
 .text.OTG_HS_EP1_IN_IRQHandler
                0x0800491c       0x24 ../../libDaisy//build\libdaisy.a(system.o)
                0x0800491c                OTG_HS_EP1_IN_IRQHandler
 .text.OTG_HS_IRQHandler
                0x08004940       0x24 ../../libDaisy//build\libdaisy.a(system.o)
                0x08004940                OTG_HS_IRQHandler
 .text.HardFault_Handler
                0x08004964       0xe0 ../../libDaisy//build\libdaisy.a(system.o)
                0x08004964                HardFault_Handler
 .text._ZN5daisy6System6GetNowEv
                0x08004a44        0x4 ../../libDaisy//build\libdaisy.a(system.o)
                0x08004a44                daisy::System::GetNow()
 .text._ZN5daisy6System5DelayEm
                0x08004a48        0x4 ../../libDaisy//build\libdaisy.a(system.o)
                0x08004a48                daisy::System::Delay(unsigned long)
 .text._ZN5daisy6System20GetBootloaderVersionEv
                0x08004a4c       0x34 ../../libDaisy//build\libdaisy.a(system.o)
                0x08004a4c                daisy::System::GetBootloaderVersion()
 .text._ZN5daisy6System15ConfigureClocksEv
                0x08004a80      0x194 ../../libDaisy//build\libdaisy.a(system.o)
                0x08004a80                daisy::System::ConfigureClocks()
 .text._ZN5daisy6System12ConfigureMpuEv
                0x08004c14       0x7c ../../libDaisy//build\libdaisy.a(system.o)
                0x08004c14                daisy::System::ConfigureMpu()
 .text._ZN5daisy6System4InitERKNS0_6ConfigE
                0x08004c90       0xec ../../libDaisy//build\libdaisy.a(system.o)
                0x08004c90                daisy::System::Init(daisy::System::Config const&)
 .text._ZN5daisy6System12GetPClk1FreqEv
                0x08004d7c        0x4 ../../libDaisy//build\libdaisy.a(system.o)
                0x08004d7c                daisy::System::GetPClk1Freq()
 .text._ZN5daisy6System22GetProgramMemoryRegionEv
                0x08004d80       0x78 ../../libDaisy//build\libdaisy.a(system.o)
                0x08004d80                daisy::System::GetProgramMemoryRegion()
 .text.startup._GLOBAL__sub_I__ZN5daisy9boot_infoE
                0x08004df8       0x1c ../../libDaisy//build\libdaisy.a(system.o)
 .text.SystemInit
                0x08004e14       0x9c ../../libDaisy//build\libdaisy.a(system_stm32h7xx.o)
                0x08004e14                SystemInit
 .text.dummy_rx_callback
                0x08004eb0        0x4 ../../libDaisy//build\libdaisy.a(usbd_cdc_if.o)
                0x08004eb0                dummy_rx_callback
 .text.CDC_DeInit_FS
                0x08004eb4        0x4 ../../libDaisy//build\libdaisy.a(usbd_cdc_if.o)
 .text.CDC_Receive_FS
                0x08004eb8       0x2c ../../libDaisy//build\libdaisy.a(usbd_cdc_if.o)
 .text.CDC_Receive_HS
                0x08004ee4       0x2c ../../libDaisy//build\libdaisy.a(usbd_cdc_if.o)
 .text.CDC_Init_FS
                0x08004f10       0x3c ../../libDaisy//build\libdaisy.a(usbd_cdc_if.o)
 .text.CDC_Init_HS
                0x08004f4c       0x3c ../../libDaisy//build\libdaisy.a(usbd_cdc_if.o)
 .text.CDC_Control_FS
                0x08004f88       0x34 ../../libDaisy//build\libdaisy.a(usbd_cdc_if.o)
 .text.CDC_Control_HS
                0x08004fbc       0x34 ../../libDaisy//build\libdaisy.a(usbd_cdc_if.o)
 .text.CDC_DeInit_HS
                0x08004ff0        0x4 ../../libDaisy//build\libdaisy.a(usbd_cdc_if.o)
 .text.CDC_Transmit_FS
                0x08004ff4       0x2c ../../libDaisy//build\libdaisy.a(usbd_cdc_if.o)
                0x08004ff4                CDC_Transmit_FS
 .text.CDC_Set_Rx_Callback_FS
                0x08005020        0xc ../../libDaisy//build\libdaisy.a(usbd_cdc_if.o)
                0x08005020                CDC_Set_Rx_Callback_FS
 .text.CDC_Set_Rx_Callback_HS
                0x0800502c        0xc ../../libDaisy//build\libdaisy.a(usbd_cdc_if.o)
                0x0800502c                CDC_Set_Rx_Callback_HS
 .text.HAL_PCD_MspInit
                0x08005038      0x144 ../../libDaisy//build\libdaisy.a(usbd_conf.o)
                0x08005038                HAL_PCD_MspInit
 .text.HAL_PCD_SetupStageCallback
                0x0800517c        0xc ../../libDaisy//build\libdaisy.a(usbd_conf.o)
                0x0800517c                HAL_PCD_SetupStageCallback
 .text.HAL_PCD_DataOutStageCallback
                0x08005188       0x14 ../../libDaisy//build\libdaisy.a(usbd_conf.o)
                0x08005188                HAL_PCD_DataOutStageCallback
 .text.HAL_PCD_DataInStageCallback
                0x0800519c       0x14 ../../libDaisy//build\libdaisy.a(usbd_conf.o)
                0x0800519c                HAL_PCD_DataInStageCallback
 .text.HAL_PCD_SOFCallback
                0x080051b0        0x8 ../../libDaisy//build\libdaisy.a(usbd_conf.o)
                0x080051b0                HAL_PCD_SOFCallback
 .text.HAL_PCD_ResetCallback
                0x080051b8       0x24 ../../libDaisy//build\libdaisy.a(usbd_conf.o)
                0x080051b8                HAL_PCD_ResetCallback
 .text.HAL_PCD_SuspendCallback
                0x080051dc       0x30 ../../libDaisy//build\libdaisy.a(usbd_conf.o)
                0x080051dc                HAL_PCD_SuspendCallback
 .text.HAL_PCD_ResumeCallback
                0x0800520c        0x8 ../../libDaisy//build\libdaisy.a(usbd_conf.o)
                0x0800520c                HAL_PCD_ResumeCallback
 .text.HAL_PCD_ISOOUTIncompleteCallback
                0x08005214        0x8 ../../libDaisy//build\libdaisy.a(usbd_conf.o)
                0x08005214                HAL_PCD_ISOOUTIncompleteCallback
 .text.HAL_PCD_ISOINIncompleteCallback
                0x0800521c        0x8 ../../libDaisy//build\libdaisy.a(usbd_conf.o)
                0x0800521c                HAL_PCD_ISOINIncompleteCallback
 .text.HAL_PCD_ConnectCallback
                0x08005224        0x8 ../../libDaisy//build\libdaisy.a(usbd_conf.o)
                0x08005224                HAL_PCD_ConnectCallback
 .text.HAL_PCD_DisconnectCallback
                0x0800522c        0x8 ../../libDaisy//build\libdaisy.a(usbd_conf.o)
                0x0800522c                HAL_PCD_DisconnectCallback
 .text.USBD_LL_Init
                0x08005234       0xe4 ../../libDaisy//build\libdaisy.a(usbd_conf.o)
                0x08005234                USBD_LL_Init
 .text.USBD_LL_Start
                0x08005318       0x1c ../../libDaisy//build\libdaisy.a(usbd_conf.o)
                0x08005318                USBD_LL_Start
 .text.USBD_LL_OpenEP
                0x08005334       0x24 ../../libDaisy//build\libdaisy.a(usbd_conf.o)
                0x08005334                USBD_LL_OpenEP
 .text.USBD_LL_CloseEP
                0x08005358       0x1c ../../libDaisy//build\libdaisy.a(usbd_conf.o)
                0x08005358                USBD_LL_CloseEP
 .text.USBD_LL_StallEP
                0x08005374       0x1c ../../libDaisy//build\libdaisy.a(usbd_conf.o)
                0x08005374                USBD_LL_StallEP
 .text.USBD_LL_ClearStallEP
                0x08005390       0x1c ../../libDaisy//build\libdaisy.a(usbd_conf.o)
                0x08005390                USBD_LL_ClearStallEP
 .text.USBD_LL_IsStallEP
                0x080053ac       0x28 ../../libDaisy//build\libdaisy.a(usbd_conf.o)
                0x080053ac                USBD_LL_IsStallEP
 .text.USBD_LL_SetUSBAddress
                0x080053d4       0x1c ../../libDaisy//build\libdaisy.a(usbd_conf.o)
                0x080053d4                USBD_LL_SetUSBAddress
 .text.USBD_LL_Transmit
                0x080053f0       0x1c ../../libDaisy//build\libdaisy.a(usbd_conf.o)
                0x080053f0                USBD_LL_Transmit
 .text.USBD_LL_PrepareReceive
                0x0800540c       0x1c ../../libDaisy//build\libdaisy.a(usbd_conf.o)
                0x0800540c                USBD_LL_PrepareReceive
 .text.USBD_LL_GetRxDataSize
                0x08005428        0x8 ../../libDaisy//build\libdaisy.a(usbd_conf.o)
                0x08005428                USBD_LL_GetRxDataSize
 .text.USBD_HS_DeviceDescriptor
                0x08005430        0xc ../../libDaisy//build\libdaisy.a(usbd_desc.o)
                0x08005430                USBD_HS_DeviceDescriptor
 .text.USBD_FS_DeviceDescriptor
                0x0800543c        0xc ../../libDaisy//build\libdaisy.a(usbd_desc.o)
                0x0800543c                USBD_FS_DeviceDescriptor
 .text.USBD_FS_LangIDStrDescriptor
                0x08005448        0xc ../../libDaisy//build\libdaisy.a(usbd_desc.o)
                0x08005448                USBD_FS_LangIDStrDescriptor
 .text.USBD_FS_ManufacturerStrDescriptor
                0x08005454       0x1c ../../libDaisy//build\libdaisy.a(usbd_desc.o)
                0x08005454                USBD_FS_ManufacturerStrDescriptor
 .text.USBD_HS_ProductStrDescriptor
                0x08005470       0x1c ../../libDaisy//build\libdaisy.a(usbd_desc.o)
                0x08005470                USBD_HS_ProductStrDescriptor
 .text.USBD_FS_ConfigStrDescriptor
                0x0800548c       0x1c ../../libDaisy//build\libdaisy.a(usbd_desc.o)
                0x0800548c                USBD_FS_ConfigStrDescriptor
 .text.USBD_FS_InterfaceStrDescriptor
                0x080054a8       0x1c ../../libDaisy//build\libdaisy.a(usbd_desc.o)
                0x080054a8                USBD_FS_InterfaceStrDescriptor
 .text.USBD_FS_ProductStrDescriptor
                0x080054c4       0x1c ../../libDaisy//build\libdaisy.a(usbd_desc.o)
                0x080054c4                USBD_FS_ProductStrDescriptor
 .text.USBD_HS_LangIDStrDescriptor
                0x080054e0        0xc ../../libDaisy//build\libdaisy.a(usbd_desc.o)
                0x080054e0                USBD_HS_LangIDStrDescriptor
 .text.USBD_HS_ManufacturerStrDescriptor
                0x080054ec       0x1c ../../libDaisy//build\libdaisy.a(usbd_desc.o)
                0x080054ec                USBD_HS_ManufacturerStrDescriptor
 .text.USBD_FS_SerialStrDescriptor
                0x08005508      0x124 ../../libDaisy//build\libdaisy.a(usbd_desc.o)
                0x08005508                USBD_FS_SerialStrDescriptor
 .text.USBD_HS_SerialStrDescriptor
                0x0800562c      0x124 ../../libDaisy//build\libdaisy.a(usbd_desc.o)
                0x0800562c                USBD_HS_SerialStrDescriptor
 .text.USBD_HS_InterfaceStrDescriptor
                0x08005750       0x1c ../../libDaisy//build\libdaisy.a(usbd_desc.o)
                0x08005750                USBD_HS_InterfaceStrDescriptor
 .text.USBD_HS_ConfigStrDescriptor
                0x0800576c       0x1c ../../libDaisy//build\libdaisy.a(usbd_desc.o)
                0x0800576c                USBD_HS_ConfigStrDescriptor
 .text.HAL_HCD_SOF_Callback
                0x08005788        0x8 ../../libDaisy//build\libdaisy.a(usbh_conf.o)
                0x08005788                HAL_HCD_SOF_Callback
 .text.HAL_HCD_Connect_Callback
                0x08005790        0x8 ../../libDaisy//build\libdaisy.a(usbh_conf.o)
                0x08005790                HAL_HCD_Connect_Callback
 .text.HAL_HCD_Disconnect_Callback
                0x08005798        0x8 ../../libDaisy//build\libdaisy.a(usbh_conf.o)
                0x08005798                HAL_HCD_Disconnect_Callback
 .text.HAL_HCD_HC_NotifyURBChange_Callback
                0x080057a0        0x4 ../../libDaisy//build\libdaisy.a(usbh_conf.o)
                0x080057a0                HAL_HCD_HC_NotifyURBChange_Callback
 .text.HAL_HCD_PortEnabled_Callback
                0x080057a4        0x8 ../../libDaisy//build\libdaisy.a(usbh_conf.o)
                0x080057a4                HAL_HCD_PortEnabled_Callback
 .text.HAL_HCD_PortDisabled_Callback
                0x080057ac        0x8 ../../libDaisy//build\libdaisy.a(usbh_conf.o)
                0x080057ac                HAL_HCD_PortDisabled_Callback
 .text.USBH_LL_Stop
                0x080057b4       0x1c ../../libDaisy//build\libdaisy.a(usbh_conf.o)
                0x080057b4                USBH_LL_Stop
 .text.dsy_hal_map_get_port
                0x080057d0       0x10 ../../libDaisy//build\libdaisy.a(hal_map.o)
                0x080057d0                dsy_hal_map_get_port
 .text.dsy_hal_map_get_pin
                0x080057e0       0x10 ../../libDaisy//build\libdaisy.a(hal_map.o)
                0x080057e0                dsy_hal_map_get_pin
 .text.dsy_hal_map_gpio_clk_enable
                0x080057f0      0x150 ../../libDaisy//build\libdaisy.a(hal_map.o)
                0x080057f0                dsy_hal_map_gpio_clk_enable
 .text.HAL_MspInit
                0x08005940        0x4 ../../libDaisy//build\libdaisy.a(stm32h7xx_hal.o)
                0x08005940                HAL_MspInit
 .text.HAL_InitTick
                0x08005944       0x4c ../../libDaisy//build\libdaisy.a(stm32h7xx_hal.o)
                0x08005944                HAL_InitTick
 .text.HAL_Init
                0x08005990       0x60 ../../libDaisy//build\libdaisy.a(stm32h7xx_hal.o)
                0x08005990                HAL_Init
 .text.HAL_IncTick
                0x080059f0       0x18 ../../libDaisy//build\libdaisy.a(stm32h7xx_hal.o)
                0x080059f0                HAL_IncTick
 .text.HAL_GetTick
                0x08005a08        0xc ../../libDaisy//build\libdaisy.a(stm32h7xx_hal.o)
                0x08005a08                HAL_GetTick
 .text.HAL_Delay
                0x08005a14       0x24 ../../libDaisy//build\libdaisy.a(stm32h7xx_hal.o)
                0x08005a14                HAL_Delay
 .text.HAL_GetREVID
                0x08005a38        0xc ../../libDaisy//build\libdaisy.a(stm32h7xx_hal.o)
                0x08005a38                HAL_GetREVID
 .text.HAL_ADC_ConvHalfCpltCallback
                0x08005a44        0x4 ../../libDaisy//build\libdaisy.a(stm32h7xx_hal_adc.o)
                0x08005a44                HAL_ADC_ConvHalfCpltCallback
 .text.ADC_DMAHalfConvCplt
                0x08005a48        0xc ../../libDaisy//build\libdaisy.a(stm32h7xx_hal_adc.o)
                0x08005a48                ADC_DMAHalfConvCplt
 .text.ADC_DMAConvCplt
                0x08005a54       0x6c ../../libDaisy//build\libdaisy.a(stm32h7xx_hal_adc.o)
                0x08005a54                ADC_DMAConvCplt
 .text.ADC_DMAError
                0x08005ac0       0x1c ../../libDaisy//build\libdaisy.a(stm32h7xx_hal_adc.o)
                0x08005ac0                ADC_DMAError
 .text.HAL_ADC_ConfigChannel
                0x08005adc      0x3fc ../../libDaisy//build\libdaisy.a(stm32h7xx_hal_adc.o)
                0x08005adc                HAL_ADC_ConfigChannel
 .text.ADC_Enable
                0x08005ed8       0xac ../../libDaisy//build\libdaisy.a(stm32h7xx_hal_adc.o)
                0x08005ed8                ADC_Enable
 .text.HAL_ADC_Start_DMA
                0x08005f84      0x114 ../../libDaisy//build\libdaisy.a(stm32h7xx_hal_adc.o)
                0x08005f84                HAL_ADC_Start_DMA
 .text.ADC_Disable
                0x08006098       0x68 ../../libDaisy//build\libdaisy.a(stm32h7xx_hal_adc.o)
                0x08006098                ADC_Disable
 .text.ADC_ConfigureBoostMode
                0x08006100      0x184 ../../libDaisy//build\libdaisy.a(stm32h7xx_hal_adc.o)
                0x08006100                ADC_ConfigureBoostMode
 .text.HAL_ADC_Init
                0x08006284      0x218 ../../libDaisy//build\libdaisy.a(stm32h7xx_hal_adc.o)
                0x08006284                HAL_ADC_Init
 .text.HAL_ADCEx_Calibration_Start
                0x0800649c       0xa4 ../../libDaisy//build\libdaisy.a(stm32h7xx_hal_adc_ex.o)
                0x0800649c                HAL_ADCEx_Calibration_Start
 .text.HAL_ADCEx_MultiModeConfigChannel
                0x08006540       0xc4 ../../libDaisy//build\libdaisy.a(stm32h7xx_hal_adc_ex.o)
                0x08006540                HAL_ADCEx_MultiModeConfigChannel
 .text.HAL_NVIC_SetPriorityGrouping
                0x08006604       0x24 ../../libDaisy//build\libdaisy.a(stm32h7xx_hal_cortex.o)
                0x08006604                HAL_NVIC_SetPriorityGrouping
 .text.HAL_NVIC_SetPriority
                0x08006628       0x7c ../../libDaisy//build\libdaisy.a(stm32h7xx_hal_cortex.o)
                0x08006628                HAL_NVIC_SetPriority
 .text.HAL_NVIC_EnableIRQ
                0x080066a4       0x1c ../../libDaisy//build\libdaisy.a(stm32h7xx_hal_cortex.o)
                0x080066a4                HAL_NVIC_EnableIRQ
 .text.HAL_NVIC_DisableIRQ
                0x080066c0       0x28 ../../libDaisy//build\libdaisy.a(stm32h7xx_hal_cortex.o)
                0x080066c0                HAL_NVIC_DisableIRQ
 .text.HAL_SYSTICK_Config
                0x080066e8       0x2c ../../libDaisy//build\libdaisy.a(stm32h7xx_hal_cortex.o)
                0x080066e8                HAL_SYSTICK_Config
 .text.HAL_MPU_Disable
                0x08006714       0x1c ../../libDaisy//build\libdaisy.a(stm32h7xx_hal_cortex.o)
                0x08006714                HAL_MPU_Disable
 .text.HAL_MPU_Enable
                0x08006730       0x20 ../../libDaisy//build\libdaisy.a(stm32h7xx_hal_cortex.o)
                0x08006730                HAL_MPU_Enable
 .text.HAL_MPU_ConfigRegion
                0x08006750       0x64 ../../libDaisy//build\libdaisy.a(stm32h7xx_hal_cortex.o)
                0x08006750                HAL_MPU_ConfigRegion
 .text.HAL_SYSTICK_Callback
                0x080067b4        0x4 ../../libDaisy//build\libdaisy.a(stm32h7xx_hal_cortex.o)
                0x080067b4                HAL_SYSTICK_Callback
 .text.HAL_SYSTICK_IRQHandler
                0x080067b8        0x8 ../../libDaisy//build\libdaisy.a(stm32h7xx_hal_cortex.o)
                0x080067b8                HAL_SYSTICK_IRQHandler
 .text.DMA_CalcBaseAndBitshift
                0x080067c0       0xf4 ../../libDaisy//build\libdaisy.a(stm32h7xx_hal_dma.o)
 .text.DMA_CalcDMAMUXChannelBaseAndMask
                0x080068b4       0xd8 ../../libDaisy//build\libdaisy.a(stm32h7xx_hal_dma.o)
 .text.HAL_DMA_Init
                0x0800698c      0x37c ../../libDaisy//build\libdaisy.a(stm32h7xx_hal_dma.o)
                0x0800698c                HAL_DMA_Init
 .text.HAL_DMA_Start_IT
                0x08006d08      0x240 ../../libDaisy//build\libdaisy.a(stm32h7xx_hal_dma.o)
                0x08006d08                HAL_DMA_Start_IT
 .text.HAL_DMA_Abort_IT
                0x08006f48      0x134 ../../libDaisy//build\libdaisy.a(stm32h7xx_hal_dma.o)
                0x08006f48                HAL_DMA_Abort_IT
 .text.HAL_DMA_IRQHandler
                0x0800707c      0x6a0 ../../libDaisy//build\libdaisy.a(stm32h7xx_hal_dma.o)
                0x0800707c                HAL_DMA_IRQHandler
 .text.HAL_DMA_GetError
                0x0800771c        0x4 ../../libDaisy//build\libdaisy.a(stm32h7xx_hal_dma.o)
                0x0800771c                HAL_DMA_GetError
 .text.HAL_GPIO_Init
                0x08007720      0x280 ../../libDaisy//build\libdaisy.a(stm32h7xx_hal_gpio.o)
                0x08007720                HAL_GPIO_Init
 .text.HAL_GPIO_DeInit
                0x080079a0      0x190 ../../libDaisy//build\libdaisy.a(stm32h7xx_hal_gpio.o)
                0x080079a0                HAL_GPIO_DeInit
 .text.HAL_GPIO_ReadPin
                0x08007b30        0xc ../../libDaisy//build\libdaisy.a(stm32h7xx_hal_gpio.o)
                0x08007b30                HAL_GPIO_ReadPin
 .text.HAL_GPIO_WritePin
                0x08007b3c        0x8 ../../libDaisy//build\libdaisy.a(stm32h7xx_hal_gpio.o)
                0x08007b3c                HAL_GPIO_WritePin
 .text.HAL_HCD_IRQHandler
                0x08007b44      0x780 ../../libDaisy//build\libdaisy.a(stm32h7xx_hal_hcd.o)
                0x08007b44                HAL_HCD_IRQHandler
 .text.HAL_HCD_Stop
                0x080082c4       0x28 ../../libDaisy//build\libdaisy.a(stm32h7xx_hal_hcd.o)
                0x080082c4                HAL_HCD_Stop
 .text.I2C_WaitOnTXISFlagUntilTimeout
                0x080082ec       0xb8 ../../libDaisy//build\libdaisy.a(stm32h7xx_hal_i2c.o)
 .text.I2C_WaitOnSTOPFlagUntilTimeout
                0x080083a4       0xac ../../libDaisy//build\libdaisy.a(stm32h7xx_hal_i2c.o)
 .text.HAL_I2C_Init
                0x08008450       0xac ../../libDaisy//build\libdaisy.a(stm32h7xx_hal_i2c.o)
                0x08008450                HAL_I2C_Init
 .text.HAL_I2C_Master_Transmit
                0x080084fc      0x1a8 ../../libDaisy//build\libdaisy.a(stm32h7xx_hal_i2c.o)
                0x080084fc                HAL_I2C_Master_Transmit
 .text.HAL_I2C_Slave_Transmit
                0x080086a4      0x1c8 ../../libDaisy//build\libdaisy.a(stm32h7xx_hal_i2c.o)
                0x080086a4                HAL_I2C_Slave_Transmit
 .text.HAL_I2C_EV_IRQHandler
                0x0800886c       0x10 ../../libDaisy//build\libdaisy.a(stm32h7xx_hal_i2c.o)
                0x0800886c                HAL_I2C_EV_IRQHandler
 .text.HAL_I2C_GetState
                0x0800887c        0x8 ../../libDaisy//build\libdaisy.a(stm32h7xx_hal_i2c.o)
                0x0800887c                HAL_I2C_GetState
 .text.HAL_I2CEx_ConfigAnalogFilter
                0x08008884       0x54 ../../libDaisy//build\libdaisy.a(stm32h7xx_hal_i2c_ex.o)
                0x08008884                HAL_I2CEx_ConfigAnalogFilter
 .text.HAL_I2CEx_ConfigDigitalFilter
                0x080088d8       0x58 ../../libDaisy//build\libdaisy.a(stm32h7xx_hal_i2c_ex.o)
                0x080088d8                HAL_I2CEx_ConfigDigitalFilter
 .text.HAL_PCD_Init
                0x08008930      0x12c ../../libDaisy//build\libdaisy.a(stm32h7xx_hal_pcd.o)
                0x08008930                HAL_PCD_Init
 .text.HAL_PCD_Start
                0x08008a5c       0x44 ../../libDaisy//build\libdaisy.a(stm32h7xx_hal_pcd.o)
                0x08008a5c                HAL_PCD_Start
 .text.HAL_PCD_IRQHandler
                0x08008aa0      0x69c ../../libDaisy//build\libdaisy.a(stm32h7xx_hal_pcd.o)
                0x08008aa0                HAL_PCD_IRQHandler
 .text.HAL_PCD_SetAddress
                0x0800913c       0x2c ../../libDaisy//build\libdaisy.a(stm32h7xx_hal_pcd.o)
                0x0800913c                HAL_PCD_SetAddress
 .text.HAL_PCD_EP_Open
                0x08009168       0x7c ../../libDaisy//build\libdaisy.a(stm32h7xx_hal_pcd.o)
                0x08009168                HAL_PCD_EP_Open
 .text.HAL_PCD_EP_Close
                0x080091e4       0x6c ../../libDaisy//build\libdaisy.a(stm32h7xx_hal_pcd.o)
                0x080091e4                HAL_PCD_EP_Close
 .text.HAL_PCD_EP_Receive
                0x08009250       0x50 ../../libDaisy//build\libdaisy.a(stm32h7xx_hal_pcd.o)
                0x08009250                HAL_PCD_EP_Receive
 .text.HAL_PCD_EP_GetRxCount
                0x080092a0       0x14 ../../libDaisy//build\libdaisy.a(stm32h7xx_hal_pcd.o)
                0x080092a0                HAL_PCD_EP_GetRxCount
 .text.HAL_PCD_EP_Transmit
                0x080092b4       0x50 ../../libDaisy//build\libdaisy.a(stm32h7xx_hal_pcd.o)
                0x080092b4                HAL_PCD_EP_Transmit
 .text.HAL_PCD_EP_SetStall
                0x08009304       0x88 ../../libDaisy//build\libdaisy.a(stm32h7xx_hal_pcd.o)
                0x08009304                HAL_PCD_EP_SetStall
 .text.HAL_PCD_EP_ClrStall
                0x0800938c       0x78 ../../libDaisy//build\libdaisy.a(stm32h7xx_hal_pcd.o)
                0x0800938c                HAL_PCD_EP_ClrStall
 .text.HAL_PCDEx_SetTxFiFo
                0x08009404       0x54 ../../libDaisy//build\libdaisy.a(stm32h7xx_hal_pcd_ex.o)
                0x08009404                HAL_PCDEx_SetTxFiFo
 .text.HAL_PCDEx_SetRxFiFo
                0x08009458        0xc ../../libDaisy//build\libdaisy.a(stm32h7xx_hal_pcd_ex.o)
                0x08009458                HAL_PCDEx_SetRxFiFo
 .text.HAL_PCDEx_ActivateLPM
                0x08009464       0x30 ../../libDaisy//build\libdaisy.a(stm32h7xx_hal_pcd_ex.o)
                0x08009464                HAL_PCDEx_ActivateLPM
 .text.HAL_PCDEx_LPM_Callback
                0x08009494        0x4 ../../libDaisy//build\libdaisy.a(stm32h7xx_hal_pcd_ex.o)
                0x08009494                HAL_PCDEx_LPM_Callback
 .text.HAL_PWREx_ConfigSupply
                0x08009498       0x4c ../../libDaisy//build\libdaisy.a(stm32h7xx_hal_pwr_ex.o)
                0x08009498                HAL_PWREx_ConfigSupply
 .text.HAL_PWREx_EnableUSBVoltageDetector
                0x080094e4       0x10 ../../libDaisy//build\libdaisy.a(stm32h7xx_hal_pwr_ex.o)
                0x080094e4                HAL_PWREx_EnableUSBVoltageDetector
 .text.QSPI_Config
                0x080094f4      0x174 ../../libDaisy//build\libdaisy.a(stm32h7xx_hal_qspi.o)
 .text.HAL_QSPI_Init
                0x08009668       0xd8 ../../libDaisy//build\libdaisy.a(stm32h7xx_hal_qspi.o)
                0x08009668                HAL_QSPI_Init
 .text.HAL_QSPI_DeInit
                0x08009740       0x3c ../../libDaisy//build\libdaisy.a(stm32h7xx_hal_qspi.o)
                0x08009740                HAL_QSPI_DeInit
 .text.HAL_QSPI_Command
                0x0800977c       0xd4 ../../libDaisy//build\libdaisy.a(stm32h7xx_hal_qspi.o)
                0x0800977c                HAL_QSPI_Command
 .text.HAL_QSPI_Transmit
                0x08009850       0xfc ../../libDaisy//build\libdaisy.a(stm32h7xx_hal_qspi.o)
                0x08009850                HAL_QSPI_Transmit
 .text.HAL_QSPI_Receive
                0x0800994c      0x108 ../../libDaisy//build\libdaisy.a(stm32h7xx_hal_qspi.o)
                0x0800994c                HAL_QSPI_Receive
 .text.HAL_QSPI_AutoPolling
                0x08009a54       0xf0 ../../libDaisy//build\libdaisy.a(stm32h7xx_hal_qspi.o)
                0x08009a54                HAL_QSPI_AutoPolling
 .text.HAL_QSPI_MemoryMapped
                0x08009b44       0xc0 ../../libDaisy//build\libdaisy.a(stm32h7xx_hal_qspi.o)
                0x08009b44                HAL_QSPI_MemoryMapped
 .text.HAL_QSPI_ErrorCallback
                0x08009c04        0x4 ../../libDaisy//build\libdaisy.a(stm32h7xx_hal_qspi.o)
                0x08009c04                HAL_QSPI_ErrorCallback
 .text.QSPI_DMAAbortCplt
                0x08009c08       0x38 ../../libDaisy//build\libdaisy.a(stm32h7xx_hal_qspi.o)
 .text.HAL_QSPI_AbortCpltCallback
                0x08009c40        0x4 ../../libDaisy//build\libdaisy.a(stm32h7xx_hal_qspi.o)
                0x08009c40                HAL_QSPI_AbortCpltCallback
 .text.HAL_QSPI_CmdCpltCallback
                0x08009c44        0x4 ../../libDaisy//build\libdaisy.a(stm32h7xx_hal_qspi.o)
                0x08009c44                HAL_QSPI_CmdCpltCallback
 .text.HAL_QSPI_RxCpltCallback
                0x08009c48        0x4 ../../libDaisy//build\libdaisy.a(stm32h7xx_hal_qspi.o)
                0x08009c48                HAL_QSPI_RxCpltCallback
 .text.HAL_QSPI_TxCpltCallback
                0x08009c4c        0x4 ../../libDaisy//build\libdaisy.a(stm32h7xx_hal_qspi.o)
                0x08009c4c                HAL_QSPI_TxCpltCallback
 .text.HAL_QSPI_FifoThresholdCallback
                0x08009c50        0x4 ../../libDaisy//build\libdaisy.a(stm32h7xx_hal_qspi.o)
                0x08009c50                HAL_QSPI_FifoThresholdCallback
 .text.HAL_QSPI_StatusMatchCallback
                0x08009c54        0x4 ../../libDaisy//build\libdaisy.a(stm32h7xx_hal_qspi.o)
                0x08009c54                HAL_QSPI_StatusMatchCallback
 .text.HAL_QSPI_TimeOutCallback
                0x08009c58        0x4 ../../libDaisy//build\libdaisy.a(stm32h7xx_hal_qspi.o)
                0x08009c58                HAL_QSPI_TimeOutCallback
 .text.HAL_QSPI_IRQHandler
                0x08009c5c      0x210 ../../libDaisy//build\libdaisy.a(stm32h7xx_hal_qspi.o)
                0x08009c5c                HAL_QSPI_IRQHandler
 .text.HAL_RCC_OscConfig
                0x08009e6c      0x51c ../../libDaisy//build\libdaisy.a(stm32h7xx_hal_rcc.o)
                0x08009e6c                HAL_RCC_OscConfig
 .text.HAL_RCC_GetSysClockFreq
                0x0800a388      0x140 ../../libDaisy//build\libdaisy.a(stm32h7xx_hal_rcc.o)
                0x0800a388                HAL_RCC_GetSysClockFreq
 .text.HAL_RCC_ClockConfig
                0x0800a4c8      0x234 ../../libDaisy//build\libdaisy.a(stm32h7xx_hal_rcc.o)
                0x0800a4c8                HAL_RCC_ClockConfig
 .text.HAL_RCC_GetHCLKFreq
                0x0800a6fc       0x2c ../../libDaisy//build\libdaisy.a(stm32h7xx_hal_rcc.o)
                0x0800a6fc                HAL_RCC_GetHCLKFreq
 .text.HAL_RCC_GetPCLK1Freq
                0x0800a728       0x38 ../../libDaisy//build\libdaisy.a(stm32h7xx_hal_rcc.o)
                0x0800a728                HAL_RCC_GetPCLK1Freq
 .text.HAL_RCC_GetPCLK2Freq
                0x0800a760       0x38 ../../libDaisy//build\libdaisy.a(stm32h7xx_hal_rcc.o)
                0x0800a760                HAL_RCC_GetPCLK2Freq
 .text.RCCEx_PLL2_Config
                0x0800a798       0xf4 ../../libDaisy//build\libdaisy.a(stm32h7xx_hal_rcc_ex.o)
 .text.RCCEx_PLL3_Config
                0x0800a88c       0xf4 ../../libDaisy//build\libdaisy.a(stm32h7xx_hal_rcc_ex.o)
 .text.HAL_RCCEx_PeriphCLKConfig
                0x0800a980      0xa7c ../../libDaisy//build\libdaisy.a(stm32h7xx_hal_rcc_ex.o)
                0x0800a980                HAL_RCCEx_PeriphCLKConfig
 .text.HAL_RCCEx_GetD3PCLK1Freq
                0x0800b3fc       0x24 ../../libDaisy//build\libdaisy.a(stm32h7xx_hal_rcc_ex.o)
                0x0800b3fc                HAL_RCCEx_GetD3PCLK1Freq
 .text.HAL_RCCEx_GetPLL2ClockFreq
                0x0800b420      0x17c ../../libDaisy//build\libdaisy.a(stm32h7xx_hal_rcc_ex.o)
                0x0800b420                HAL_RCCEx_GetPLL2ClockFreq
 .text.HAL_RCCEx_GetPLL3ClockFreq
                0x0800b59c      0x17c ../../libDaisy//build\libdaisy.a(stm32h7xx_hal_rcc_ex.o)
                0x0800b59c                HAL_RCCEx_GetPLL3ClockFreq
 .text.HAL_RCCEx_GetPLL1ClockFreq
                0x0800b718      0x17c ../../libDaisy//build\libdaisy.a(stm32h7xx_hal_rcc_ex.o)
                0x0800b718                HAL_RCCEx_GetPLL1ClockFreq
 .text.HAL_RCCEx_GetPeriphCLKFreq
                0x0800b894      0x198 ../../libDaisy//build\libdaisy.a(stm32h7xx_hal_rcc_ex.o)
                0x0800b894                HAL_RCCEx_GetPeriphCLKFreq
 .text.HAL_RCCEx_GetD1SysClockFreq
                0x0800ba2c       0x2c ../../libDaisy//build\libdaisy.a(stm32h7xx_hal_rcc_ex.o)
                0x0800ba2c                HAL_RCCEx_GetD1SysClockFreq
 .text.HAL_SAI_Init.part.0
                0x0800ba58      0x348 ../../libDaisy//build\libdaisy.a(stm32h7xx_hal_sai.o)
 .text.HAL_SAI_InitProtocol
                0x0800bda0      0x178 ../../libDaisy//build\libdaisy.a(stm32h7xx_hal_sai.o)
                0x0800bda0                HAL_SAI_InitProtocol
 .text.HAL_SAI_Transmit_DMA
                0x0800bf18      0x124 ../../libDaisy//build\libdaisy.a(stm32h7xx_hal_sai.o)
                0x0800bf18                HAL_SAI_Transmit_DMA
 .text.HAL_SAI_Receive_DMA
                0x0800c03c       0xd0 ../../libDaisy//build\libdaisy.a(stm32h7xx_hal_sai.o)
                0x0800c03c                HAL_SAI_Receive_DMA
 .text.HAL_SAI_TxCpltCallback
                0x0800c10c        0x4 ../../libDaisy//build\libdaisy.a(stm32h7xx_hal_sai.o)
                0x0800c10c                HAL_SAI_TxCpltCallback
 .text.SAI_DMATxCplt
                0x0800c110       0x64 ../../libDaisy//build\libdaisy.a(stm32h7xx_hal_sai.o)
 .text.HAL_SAI_TxHalfCpltCallback
                0x0800c174        0x4 ../../libDaisy//build\libdaisy.a(stm32h7xx_hal_sai.o)
                0x0800c174                HAL_SAI_TxHalfCpltCallback
 .text.SAI_DMATxHalfCplt
                0x0800c178        0xc ../../libDaisy//build\libdaisy.a(stm32h7xx_hal_sai.o)
 .text.SAI_DMARxCplt
                0x0800c184       0x64 ../../libDaisy//build\libdaisy.a(stm32h7xx_hal_sai.o)
 .text.SAI_DMARxHalfCplt
                0x0800c1e8        0xc ../../libDaisy//build\libdaisy.a(stm32h7xx_hal_sai.o)
 .text.HAL_SAI_ErrorCallback
                0x0800c1f4        0x4 ../../libDaisy//build\libdaisy.a(stm32h7xx_hal_sai.o)
                0x0800c1f4                HAL_SAI_ErrorCallback
 .text.SAI_DMAError
                0x0800c1f8       0x6c ../../libDaisy//build\libdaisy.a(stm32h7xx_hal_sai.o)
 .text.HAL_SDRAM_Init
                0x0800c264       0x54 ../../libDaisy//build\libdaisy.a(stm32h7xx_hal_sdram.o)
                0x0800c264                HAL_SDRAM_Init
 .text.HAL_SDRAM_SendCommand
                0x0800c2b8       0x40 ../../libDaisy//build\libdaisy.a(stm32h7xx_hal_sdram.o)
                0x0800c2b8                HAL_SDRAM_SendCommand
 .text.HAL_SDRAM_ProgramRefreshRate
                0x0800c2f8       0x30 ../../libDaisy//build\libdaisy.a(stm32h7xx_hal_sdram.o)
                0x0800c2f8                HAL_SDRAM_ProgramRefreshRate
 .text.FMC_SDRAM_Init
                0x0800c328       0x7c ../../libDaisy//build\libdaisy.a(stm32h7xx_ll_fmc.o)
                0x0800c328                FMC_SDRAM_Init
 .text.FMC_SDRAM_Timing_Init
                0x0800c3a4       0x98 ../../libDaisy//build\libdaisy.a(stm32h7xx_ll_fmc.o)
                0x0800c3a4                FMC_SDRAM_Timing_Init
 .text.FMC_SDRAM_SendCommand
                0x0800c43c       0x28 ../../libDaisy//build\libdaisy.a(stm32h7xx_ll_fmc.o)
                0x0800c43c                FMC_SDRAM_SendCommand
 .text.FMC_SDRAM_ProgramRefreshRate
                0x0800c464       0x1c ../../libDaisy//build\libdaisy.a(stm32h7xx_ll_fmc.o)
                0x0800c464                FMC_SDRAM_ProgramRefreshRate
 .text.USB_CoreInit
                0x0800c480      0x124 ../../libDaisy//build\libdaisy.a(stm32h7xx_ll_usb.o)
                0x0800c480                USB_CoreInit
 .text.USB_SetTurnaroundTime
                0x0800c5a4      0x104 ../../libDaisy//build\libdaisy.a(stm32h7xx_ll_usb.o)
                0x0800c5a4                USB_SetTurnaroundTime
 .text.USB_EnableGlobalInt
                0x0800c6a8       0x10 ../../libDaisy//build\libdaisy.a(stm32h7xx_ll_usb.o)
                0x0800c6a8                USB_EnableGlobalInt
 .text.USB_DisableGlobalInt
                0x0800c6b8       0x10 ../../libDaisy//build\libdaisy.a(stm32h7xx_ll_usb.o)
                0x0800c6b8                USB_DisableGlobalInt
 .text.USB_SetCurrentMode
                0x0800c6c8       0x30 ../../libDaisy//build\libdaisy.a(stm32h7xx_ll_usb.o)
                0x0800c6c8                USB_SetCurrentMode
 .text.USB_DevInit
                0x0800c6f8      0x20c ../../libDaisy//build\libdaisy.a(stm32h7xx_ll_usb.o)
                0x0800c6f8                USB_DevInit
 .text.USB_FlushTxFifo
                0x0800c904       0x34 ../../libDaisy//build\libdaisy.a(stm32h7xx_ll_usb.o)
                0x0800c904                USB_FlushTxFifo
 .text.USB_GetDevSpeed
                0x0800c938       0x24 ../../libDaisy//build\libdaisy.a(stm32h7xx_ll_usb.o)
                0x0800c938                USB_GetDevSpeed
 .text.USB_ActivateEndpoint
                0x0800c95c       0x90 ../../libDaisy//build\libdaisy.a(stm32h7xx_ll_usb.o)
                0x0800c95c                USB_ActivateEndpoint
 .text.USB_DeactivateEndpoint
                0x0800c9ec       0x84 ../../libDaisy//build\libdaisy.a(stm32h7xx_ll_usb.o)
                0x0800c9ec                USB_DeactivateEndpoint
 .text.USB_EPStartXfer
                0x0800ca70      0x230 ../../libDaisy//build\libdaisy.a(stm32h7xx_ll_usb.o)
                0x0800ca70                USB_EPStartXfer
 .text.USB_EP0StartXfer
                0x0800cca0      0x174 ../../libDaisy//build\libdaisy.a(stm32h7xx_ll_usb.o)
                0x0800cca0                USB_EP0StartXfer
 .text.USB_WritePacket
                0x0800ce14       0x2c ../../libDaisy//build\libdaisy.a(stm32h7xx_ll_usb.o)
                0x0800ce14                USB_WritePacket
 .text.USB_ReadPacket
                0x0800ce40       0x20 ../../libDaisy//build\libdaisy.a(stm32h7xx_ll_usb.o)
                0x0800ce40                USB_ReadPacket
 .text.USB_EPSetStall
                0x0800ce60       0x68 ../../libDaisy//build\libdaisy.a(stm32h7xx_ll_usb.o)
                0x0800ce60                USB_EPSetStall
 .text.USB_EPClearStall
                0x0800cec8       0x58 ../../libDaisy//build\libdaisy.a(stm32h7xx_ll_usb.o)
                0x0800cec8                USB_EPClearStall
 .text.USB_SetDevAddress
                0x0800cf20       0x24 ../../libDaisy//build\libdaisy.a(stm32h7xx_ll_usb.o)
                0x0800cf20                USB_SetDevAddress
 .text.USB_DevConnect
                0x0800cf44       0x1c ../../libDaisy//build\libdaisy.a(stm32h7xx_ll_usb.o)
                0x0800cf44                USB_DevConnect
 .text.USB_DevDisconnect
                0x0800cf60       0x1c ../../libDaisy//build\libdaisy.a(stm32h7xx_ll_usb.o)
                0x0800cf60                USB_DevDisconnect
 .text.USB_ReadInterrupts
                0x0800cf7c       0x14 ../../libDaisy//build\libdaisy.a(stm32h7xx_ll_usb.o)
                0x0800cf7c                USB_ReadInterrupts
 .text.USB_ReadDevAllOutEpInterrupt
                0x0800cf90       0x1c ../../libDaisy//build\libdaisy.a(stm32h7xx_ll_usb.o)
                0x0800cf90                USB_ReadDevAllOutEpInterrupt
 .text.USB_ReadDevAllInEpInterrupt
                0x0800cfac       0x1c ../../libDaisy//build\libdaisy.a(stm32h7xx_ll_usb.o)
                0x0800cfac                USB_ReadDevAllInEpInterrupt
 .text.USB_ReadDevOutEPInterrupt
                0x0800cfc8       0x1c ../../libDaisy//build\libdaisy.a(stm32h7xx_ll_usb.o)
                0x0800cfc8                USB_ReadDevOutEPInterrupt
 .text.USB_ReadDevInEPInterrupt
                0x0800cfe4       0x38 ../../libDaisy//build\libdaisy.a(stm32h7xx_ll_usb.o)
                0x0800cfe4                USB_ReadDevInEPInterrupt
 .text.USB_GetMode
                0x0800d01c        0x8 ../../libDaisy//build\libdaisy.a(stm32h7xx_ll_usb.o)
                0x0800d01c                USB_GetMode
 .text.USB_ActivateSetup
                0x0800d024       0x38 ../../libDaisy//build\libdaisy.a(stm32h7xx_ll_usb.o)
                0x0800d024                USB_ActivateSetup
 .text.USB_EP0_OutStart
                0x0800d05c       0x58 ../../libDaisy//build\libdaisy.a(stm32h7xx_ll_usb.o)
                0x0800d05c                USB_EP0_OutStart
 .text.USB_InitFSLSPClkSel
                0x0800d0b4       0x44 ../../libDaisy//build\libdaisy.a(stm32h7xx_ll_usb.o)
                0x0800d0b4                USB_InitFSLSPClkSel
 .text.USB_HC_ReadInterrupt
                0x0800d0f8        0x8 ../../libDaisy//build\libdaisy.a(stm32h7xx_ll_usb.o)
                0x0800d0f8                USB_HC_ReadInterrupt
 .text.USB_HC_Halt
                0x0800d100       0xc0 ../../libDaisy//build\libdaisy.a(stm32h7xx_ll_usb.o)
                0x0800d100                USB_HC_Halt
 .text.USB_StopHost
                0x0800d1c0      0x2ec ../../libDaisy//build\libdaisy.a(stm32h7xx_ll_usb.o)
                0x0800d1c0                USB_StopHost
 .text.USBD_CDC_EP0_RxReady
                0x0800d4ac       0x2c ../../libDaisy//build\libdaisy.a(usbd_cdc.o)
 .text.USBD_CDC_GetFSCfgDesc
                0x0800d4d8       0x24 ../../libDaisy//build\libdaisy.a(usbd_cdc.o)
 .text.USBD_CDC_GetHSCfgDesc
                0x0800d4fc       0x24 ../../libDaisy//build\libdaisy.a(usbd_cdc.o)
 .text.USBD_CDC_GetOtherSpeedCfgDesc
                0x0800d520       0x24 ../../libDaisy//build\libdaisy.a(usbd_cdc.o)
 .text.USBD_CDC_GetDeviceQualifierDescriptor
                0x0800d544       0x10 ../../libDaisy//build\libdaisy.a(usbd_cdc.o)
                0x0800d544                USBD_CDC_GetDeviceQualifierDescriptor
 .text.USBD_CDC_DataOut
                0x0800d554       0x30 ../../libDaisy//build\libdaisy.a(usbd_cdc.o)
 .text.USBD_CDC_DataIn
                0x0800d584       0x50 ../../libDaisy//build\libdaisy.a(usbd_cdc.o)
 .text.USBD_CDC_Setup
                0x0800d5d4       0xcc ../../libDaisy//build\libdaisy.a(usbd_cdc.o)
 .text.USBD_CDC_DeInit
                0x0800d6a0       0x44 ../../libDaisy//build\libdaisy.a(usbd_cdc.o)
 .text.USBD_CDC_Init
                0x0800d6e4       0x94 ../../libDaisy//build\libdaisy.a(usbd_cdc.o)
 .text.USBD_CDC_RegisterInterface
                0x0800d778       0x10 ../../libDaisy//build\libdaisy.a(usbd_cdc.o)
                0x0800d778                USBD_CDC_RegisterInterface
 .text.USBD_CDC_SetTxBuffer
                0x0800d788       0x14 ../../libDaisy//build\libdaisy.a(usbd_cdc.o)
                0x0800d788                USBD_CDC_SetTxBuffer
 .text.USBD_CDC_SetRxBuffer
                0x0800d79c       0x10 ../../libDaisy//build\libdaisy.a(usbd_cdc.o)
                0x0800d79c                USBD_CDC_SetRxBuffer
 .text.USBD_CDC_TransmitPacket
                0x0800d7ac       0x34 ../../libDaisy//build\libdaisy.a(usbd_cdc.o)
                0x0800d7ac                USBD_CDC_TransmitPacket
 .text.USBD_CDC_ReceivePacket
                0x0800d7e0       0x38 ../../libDaisy//build\libdaisy.a(usbd_cdc.o)
                0x0800d7e0                USBD_CDC_ReceivePacket
 .text.USBD_Init
                0x0800d818       0x44 ../../libDaisy//build\libdaisy.a(usbd_core.o)
                0x0800d818                USBD_Init
 .text.USBD_RegisterClass
                0x0800d85c       0x2c ../../libDaisy//build\libdaisy.a(usbd_core.o)
                0x0800d85c                USBD_RegisterClass
 .text.USBD_Start
                0x0800d888        0xc ../../libDaisy//build\libdaisy.a(usbd_core.o)
                0x0800d888                USBD_Start
 .text.USBD_SetClassConfig
                0x0800d894       0x14 ../../libDaisy//build\libdaisy.a(usbd_core.o)
                0x0800d894                USBD_SetClassConfig
 .text.USBD_ClrClassConfig
                0x0800d8a8       0x10 ../../libDaisy//build\libdaisy.a(usbd_core.o)
                0x0800d8a8                USBD_ClrClassConfig
 .text.USBD_LL_SetupStage
                0x0800d8b8       0x5c ../../libDaisy//build\libdaisy.a(usbd_core.o)
                0x0800d8b8                USBD_LL_SetupStage
 .text.USBD_LL_DataOutStage
                0x0800d914       0x7c ../../libDaisy//build\libdaisy.a(usbd_core.o)
                0x0800d914                USBD_LL_DataOutStage
 .text.USBD_LL_DataInStage
                0x0800d990       0xcc ../../libDaisy//build\libdaisy.a(usbd_core.o)
                0x0800d990                USBD_LL_DataInStage
 .text.USBD_LL_Reset
                0x0800da5c       0x50 ../../libDaisy//build\libdaisy.a(usbd_core.o)
                0x0800da5c                USBD_LL_Reset
 .text.USBD_LL_SetSpeed
                0x0800daac        0x8 ../../libDaisy//build\libdaisy.a(usbd_core.o)
                0x0800daac                USBD_LL_SetSpeed
 .text.USBD_LL_Suspend
                0x0800dab4       0x14 ../../libDaisy//build\libdaisy.a(usbd_core.o)
                0x0800dab4                USBD_LL_Suspend
 .text.USBD_LL_Resume
                0x0800dac8       0x10 ../../libDaisy//build\libdaisy.a(usbd_core.o)
                0x0800dac8                USBD_LL_Resume
 .text.USBD_LL_SOF
                0x0800dad8       0x1c ../../libDaisy//build\libdaisy.a(usbd_core.o)
                0x0800dad8                USBD_LL_SOF
 .text.USBD_LL_IsoINIncomplete
                0x0800daf4        0x4 ../../libDaisy//build\libdaisy.a(usbd_core.o)
                0x0800daf4                USBD_LL_IsoINIncomplete
 .text.USBD_LL_IsoOUTIncomplete
                0x0800daf8        0x4 ../../libDaisy//build\libdaisy.a(usbd_core.o)
                0x0800daf8                USBD_LL_IsoOUTIncomplete
 .text.USBD_LL_DevConnected
                0x0800dafc        0x4 ../../libDaisy//build\libdaisy.a(usbd_core.o)
                0x0800dafc                USBD_LL_DevConnected
 .text.USBD_LL_DevDisconnected
                0x0800db00       0x18 ../../libDaisy//build\libdaisy.a(usbd_core.o)
                0x0800db00                USBD_LL_DevDisconnected
 .text.USBD_StdDevReq
                0x0800db18      0x304 ../../libDaisy//build\libdaisy.a(usbd_ctlreq.o)
                0x0800db18                USBD_StdDevReq
 .text.USBD_StdItfReq
                0x0800de1c       0x68 ../../libDaisy//build\libdaisy.a(usbd_ctlreq.o)
                0x0800de1c                USBD_StdItfReq
 .text.USBD_StdEPReq
                0x0800de84      0x13c ../../libDaisy//build\libdaisy.a(usbd_ctlreq.o)
                0x0800de84                USBD_StdEPReq
 .text.USBD_ParseSetupRequest
                0x0800dfc0       0x28 ../../libDaisy//build\libdaisy.a(usbd_ctlreq.o)
                0x0800dfc0                USBD_ParseSetupRequest
 .text.USBD_CtlError
                0x0800dfe8       0x18 ../../libDaisy//build\libdaisy.a(usbd_ctlreq.o)
                0x0800dfe8                USBD_CtlError
 .text.USBD_GetString
                0x0800e000       0x54 ../../libDaisy//build\libdaisy.a(usbd_ctlreq.o)
                0x0800e000                USBD_GetString
 .text.USBD_CtlSendData
                0x0800e054       0x1c ../../libDaisy//build\libdaisy.a(usbd_ioreq.o)
                0x0800e054                USBD_CtlSendData
 .text.USBD_CtlContinueSendData
                0x0800e070       0x14 ../../libDaisy//build\libdaisy.a(usbd_ioreq.o)
                0x0800e070                USBD_CtlContinueSendData
 .text.USBD_CtlPrepareRx
                0x0800e084       0x1c ../../libDaisy//build\libdaisy.a(usbd_ioreq.o)
                0x0800e084                USBD_CtlPrepareRx
 .text.USBD_CtlContinueRx
                0x0800e0a0       0x14 ../../libDaisy//build\libdaisy.a(usbd_ioreq.o)
                0x0800e0a0                USBD_CtlContinueRx
 .text.USBD_CtlSendStatus
                0x0800e0b4       0x18 ../../libDaisy//build\libdaisy.a(usbd_ioreq.o)
                0x0800e0b4                USBD_CtlSendStatus
 .text.USBD_CtlReceiveStatus
                0x0800e0cc       0x18 ../../libDaisy//build\libdaisy.a(usbd_ioreq.o)
                0x0800e0cc                USBD_CtlReceiveStatus
 .text.USBH_LL_IncTimer
                0x0800e0e4       0x20 ../../libDaisy//build\libdaisy.a(usbh_core.o)
                0x0800e0e4                USBH_LL_IncTimer
 .text.USBH_LL_PortEnabled
                0x0800e104        0x8 ../../libDaisy//build\libdaisy.a(usbh_core.o)
                0x0800e104                USBH_LL_PortEnabled
 .text.USBH_LL_PortDisabled
                0x0800e10c        0x8 ../../libDaisy//build\libdaisy.a(usbh_core.o)
                0x0800e10c                USBH_LL_PortDisabled
 .text.USBH_LL_Connect
                0x0800e114       0x18 ../../libDaisy//build\libdaisy.a(usbh_core.o)
                0x0800e114                USBH_LL_Connect
 .text.USBH_LL_Disconnect
                0x0800e12c       0x2c ../../libDaisy//build\libdaisy.a(usbh_core.o)
                0x0800e12c                USBH_LL_Disconnect
 .text.USBH_FreePipe
                0x0800e158       0x18 ../../libDaisy//build\libdaisy.a(usbh_pipes.o)
                0x0800e158                USBH_FreePipe
 .text._ZN5daisy6Random4InitEv
                0x0800e170       0x3c ../../libDaisy//build\libdaisy.a(rng.o)
                0x0800e170                daisy::Random::Init()
 .text._ZN5daisy9SpiHandle4Impl7InitDmaEv
                0x0800e1ac       0xec ../../libDaisy//build\libdaisy.a(spi.o)
                0x0800e1ac                daisy::SpiHandle::Impl::InitDma()
 .text._ZN5daisy9SpiHandle4Impl10StartDmaTxEPhjPFvPvEPFvS3_NS0_6ResultEES3_
                0x0800e298       0xc8 ../../libDaisy//build\libdaisy.a(spi.o)
                0x0800e298                daisy::SpiHandle::Impl::StartDmaTx(unsigned char*, unsigned int, void (*)(void*), void (*)(void*, daisy::SpiHandle::Result), void*)
 .text._ZN5daisy9SpiHandle4Impl10StartDmaRxEPhjPFvPvEPFvS3_NS0_6ResultEES3_
                0x0800e360       0xc8 ../../libDaisy//build\libdaisy.a(spi.o)
                0x0800e360                daisy::SpiHandle::Impl::StartDmaRx(unsigned char*, unsigned int, void (*)(void*), void (*)(void*, daisy::SpiHandle::Result), void*)
 .text._ZN5daisy9SpiHandle4Impl12StartDmaRxTxEPhS2_jPFvPvEPFvS3_NS0_6ResultEES3_
                0x0800e428       0xcc ../../libDaisy//build\libdaisy.a(spi.o)
                0x0800e428                daisy::SpiHandle::Impl::StartDmaRxTx(unsigned char*, unsigned char*, unsigned int, void (*)(void*), void (*)(void*, daisy::SpiHandle::Result), void*)
 .text._ZN5daisy9SpiHandle4Impl8InitPinsEv
                0x0800e4f4      0x274 ../../libDaisy//build\libdaisy.a(spi.o)
                0x0800e4f4                daisy::SpiHandle::Impl::InitPins()
 .text.HAL_SPI_MspInit
                0x0800e768      0x1a8 ../../libDaisy//build\libdaisy.a(spi.o)
                0x0800e768                HAL_SPI_MspInit
 .text.dsy_spi_global_init
                0x0800e910       0x80 ../../libDaisy//build\libdaisy.a(spi.o)
                0x0800e910                dsy_spi_global_init
 .text.SPI1_IRQHandler
                0x0800e990        0xc ../../libDaisy//build\libdaisy.a(spi.o)
                0x0800e990                SPI1_IRQHandler
 .text.SPI2_IRQHandler
                0x0800e99c        0xc ../../libDaisy//build\libdaisy.a(spi.o)
                0x0800e99c                SPI2_IRQHandler
 .text.SPI3_IRQHandler
                0x0800e9a8        0xc ../../libDaisy//build\libdaisy.a(spi.o)
                0x0800e9a8                SPI3_IRQHandler
 .text.SPI4_IRQHandler
                0x0800e9b4        0xc ../../libDaisy//build\libdaisy.a(spi.o)
                0x0800e9b4                SPI4_IRQHandler
 .text.SPI5_IRQHandler
                0x0800e9c0        0xc ../../libDaisy//build\libdaisy.a(spi.o)
                0x0800e9c0                SPI5_IRQHandler
 .text.DMA2_Stream2_IRQHandler
                0x0800e9cc       0x34 ../../libDaisy//build\libdaisy.a(spi.o)
                0x0800e9cc                DMA2_Stream2_IRQHandler
 .text.DMA2_Stream3_IRQHandler
                0x0800ea00       0x38 ../../libDaisy//build\libdaisy.a(spi.o)
                0x0800ea00                DMA2_Stream3_IRQHandler
 .text.HAL_SPI_TxCpltCallback
                0x0800ea38       0xc4 ../../libDaisy//build\libdaisy.a(spi.o)
                0x0800ea38                HAL_SPI_TxCpltCallback
 .text.HAL_SPI_RxCpltCallback
                0x0800eafc       0xc4 ../../libDaisy//build\libdaisy.a(spi.o)
                0x0800eafc                HAL_SPI_RxCpltCallback
 .text.HAL_SPI_TxRxCpltCallback
                0x0800ebc0       0xc4 ../../libDaisy//build\libdaisy.a(spi.o)
                0x0800ebc0                HAL_SPI_TxRxCpltCallback
 .text.HAL_SPI_ErrorCallback
                0x0800ec84       0xc8 ../../libDaisy//build\libdaisy.a(spi.o)
                0x0800ec84                HAL_SPI_ErrorCallback
 .text.startup._GLOBAL__sub_I__Z19MapInstanceToHandleP11SPI_TypeDef
                0x0800ed4c      0x1b0 ../../libDaisy//build\libdaisy.a(spi.o)
 .text.HAL_TIM_Base_MspInit
                0x0800eefc      0x1e0 ../../libDaisy//build\libdaisy.a(tim.o)
                0x0800eefc                HAL_TIM_Base_MspInit
 .text.HAL_TIM_PeriodElapsedCallback
                0x0800f0dc       0x44 ../../libDaisy//build\libdaisy.a(tim.o)
                0x0800f0dc                HAL_TIM_PeriodElapsedCallback
 .text.TIM2_IRQHandler
                0x0800f120        0xc ../../libDaisy//build\libdaisy.a(tim.o)
                0x0800f120                TIM2_IRQHandler
 .text.TIM3_IRQHandler
                0x0800f12c        0xc ../../libDaisy//build\libdaisy.a(tim.o)
                0x0800f12c                TIM3_IRQHandler
 .text.TIM4_IRQHandler
                0x0800f138        0xc ../../libDaisy//build\libdaisy.a(tim.o)
                0x0800f138                TIM4_IRQHandler
 .text.TIM5_IRQHandler
                0x0800f144        0xc ../../libDaisy//build\libdaisy.a(tim.o)
                0x0800f144                TIM5_IRQHandler
 .text._ZN5daisy11TimerHandle4InitERKNS0_6ConfigE
                0x0800f150       0xd0 ../../libDaisy//build\libdaisy.a(tim.o)
                0x0800f150                daisy::TimerHandle::Init(daisy::TimerHandle::Config const&)
 .text._ZN5daisy11TimerHandle5StartEv
                0x0800f220       0x24 ../../libDaisy//build\libdaisy.a(tim.o)
                0x0800f220                daisy::TimerHandle::Start()
 .text.startup._GLOBAL__sub_I__ZN5daisy11TimerHandle4Impl4InitERKNS0_6ConfigE
                0x0800f244       0x38 ../../libDaisy//build\libdaisy.a(tim.o)
 .text._ZL20UART_CheckRxListenerPN5daisy11UartHandler4ImplE
                0x0800f27c       0x84 ../../libDaisy//build\libdaisy.a(uart.o)
 .text._ZN5daisy11UartHandler4Impl10StartDmaTxEPhjPFvPvEPFvS3_NS0_6ResultEES3_
                0x0800f300      0x184 ../../libDaisy//build\libdaisy.a(uart.o)
                0x0800f300                daisy::UartHandler::Impl::StartDmaTx(unsigned char*, unsigned int, void (*)(void*), void (*)(void*, daisy::UartHandler::Result), void*)
 .text._ZN5daisy11UartHandler4Impl10StartDmaRxEPhjPFvPvEPFvS3_NS0_6ResultEES3_
                0x0800f484      0x184 ../../libDaisy//build\libdaisy.a(uart.o)
                0x0800f484                daisy::UartHandler::Impl::StartDmaRx(unsigned char*, unsigned int, void (*)(void*), void (*)(void*, daisy::UartHandler::Result), void*)
 .text._ZN5daisy11UartHandler4Impl19DmaTransferFinishedEP20__UART_HandleTypeDefNS0_6ResultE
                0x0800f608       0xc0 ../../libDaisy//build\libdaisy.a(uart.o)
                0x0800f608                daisy::UartHandler::Impl::DmaTransferFinished(__UART_HandleTypeDef*, daisy::UartHandler::Result)
 .text._ZN5daisy11UartHandler4Impl8InitPinsEv
                0x0800f6c8      0x154 ../../libDaisy//build\libdaisy.a(uart.o)
                0x0800f6c8                daisy::UartHandler::Impl::InitPins()
 .text.HAL_UART_MspInit
                0x0800f81c      0x210 ../../libDaisy//build\libdaisy.a(uart.o)
                0x0800f81c                HAL_UART_MspInit
 .text.dsy_uart_global_init
                0x0800fa2c      0x110 ../../libDaisy//build\libdaisy.a(uart.o)
                0x0800fa2c                dsy_uart_global_init
 .text.USART1_IRQHandler
                0x0800fb3c       0x2c ../../libDaisy//build\libdaisy.a(uart.o)
                0x0800fb3c                USART1_IRQHandler
 .text.USART2_IRQHandler
                0x0800fb68       0x34 ../../libDaisy//build\libdaisy.a(uart.o)
                0x0800fb68                USART2_IRQHandler
 .text.USART3_IRQHandler
                0x0800fb9c       0x34 ../../libDaisy//build\libdaisy.a(uart.o)
                0x0800fb9c                USART3_IRQHandler
 .text.UART4_IRQHandler
                0x0800fbd0       0x34 ../../libDaisy//build\libdaisy.a(uart.o)
                0x0800fbd0                UART4_IRQHandler
 .text.UART5_IRQHandler
                0x0800fc04       0x34 ../../libDaisy//build\libdaisy.a(uart.o)
                0x0800fc04                UART5_IRQHandler
 .text.USART6_IRQHandler
                0x0800fc38       0x34 ../../libDaisy//build\libdaisy.a(uart.o)
                0x0800fc38                USART6_IRQHandler
 .text.UART7_IRQHandler
                0x0800fc6c       0x34 ../../libDaisy//build\libdaisy.a(uart.o)
                0x0800fc6c                UART7_IRQHandler
 .text.UART8_IRQHandler
                0x0800fca0       0x34 ../../libDaisy//build\libdaisy.a(uart.o)
                0x0800fca0                UART8_IRQHandler
 .text.LPUART1_IRQHandler
                0x0800fcd4       0x34 ../../libDaisy//build\libdaisy.a(uart.o)
                0x0800fcd4                LPUART1_IRQHandler
 .text.DMA1_Stream5_IRQHandler
                0x0800fd08       0x34 ../../libDaisy//build\libdaisy.a(uart.o)
                0x0800fd08                DMA1_Stream5_IRQHandler
 .text.DMA2_Stream4_IRQHandler
                0x0800fd3c       0x38 ../../libDaisy//build\libdaisy.a(uart.o)
                0x0800fd3c                DMA2_Stream4_IRQHandler
 .text.HAL_UART_TxCpltCallback
                0x0800fd74        0x8 ../../libDaisy//build\libdaisy.a(uart.o)
                0x0800fd74                HAL_UART_TxCpltCallback
 .text.HAL_UART_RxCpltCallback
                0x0800fd7c       0x94 ../../libDaisy//build\libdaisy.a(uart.o)
                0x0800fd7c                HAL_UART_RxCpltCallback
 .text.HAL_UART_RxHalfCpltCallback
                0x0800fe10       0x90 ../../libDaisy//build\libdaisy.a(uart.o)
                0x0800fe10                HAL_UART_RxHalfCpltCallback
 .text.HAL_UART_ErrorCallback
                0x0800fea0        0x8 ../../libDaisy//build\libdaisy.a(uart.o)
                0x0800fea0                HAL_UART_ErrorCallback
 .text.startup._GLOBAL__sub_I__Z19MapInstanceToHandleP13USART_TypeDef
                0x0800fea8      0x194 ../../libDaisy//build\libdaisy.a(uart.o)
 .text.dsy_dma_init
                0x0801003c      0x100 ../../libDaisy//build\libdaisy.a(dma.o)
                0x0801003c                dsy_dma_init
 .text.dsy_dma_invalidate_cache_for_buffer
                0x0801013c       0x2c ../../libDaisy//build\libdaisy.a(dma.o)
                0x0801013c                dsy_dma_invalidate_cache_for_buffer
 .text.HAL_MDMA_Abort_IT
                0x08010168       0x2c ../../libDaisy//build\libdaisy.a(stm32h7xx_hal_mdma.o)
                0x08010168                HAL_MDMA_Abort_IT
 .text.SPI_CloseTransfer
                0x08010194       0xb8 ../../libDaisy//build\libdaisy.a(stm32h7xx_hal_spi.o)
 .text.HAL_SPI_Init
                0x0801024c      0x15c ../../libDaisy//build\libdaisy.a(stm32h7xx_hal_spi.o)
                0x0801024c                HAL_SPI_Init
 .text.HAL_SPI_Transmit_DMA
                0x080103a8      0x170 ../../libDaisy//build\libdaisy.a(stm32h7xx_hal_spi.o)
                0x080103a8                HAL_SPI_Transmit_DMA
 .text.HAL_SPI_TransmitReceive_DMA
                0x08010518      0x218 ../../libDaisy//build\libdaisy.a(stm32h7xx_hal_spi.o)
                0x08010518                HAL_SPI_TransmitReceive_DMA
 .text.HAL_SPI_Receive_DMA
                0x08010730      0x1b4 ../../libDaisy//build\libdaisy.a(stm32h7xx_hal_spi.o)
                0x08010730                HAL_SPI_Receive_DMA
 .text.SPI_DMATransmitCplt
                0x080108e4       0x28 ../../libDaisy//build\libdaisy.a(stm32h7xx_hal_spi.o)
 .text.SPI_DMAReceiveCplt
                0x0801090c       0x28 ../../libDaisy//build\libdaisy.a(stm32h7xx_hal_spi.o)
 .text.SPI_DMATransmitReceiveCplt
                0x08010934       0x28 ../../libDaisy//build\libdaisy.a(stm32h7xx_hal_spi.o)
 .text.HAL_SPI_TxHalfCpltCallback
                0x0801095c        0x4 ../../libDaisy//build\libdaisy.a(stm32h7xx_hal_spi.o)
                0x0801095c                HAL_SPI_TxHalfCpltCallback
 .text.SPI_DMAHalfTransmitCplt
                0x08010960        0xc ../../libDaisy//build\libdaisy.a(stm32h7xx_hal_spi.o)
 .text.HAL_SPI_RxHalfCpltCallback
                0x0801096c        0x4 ../../libDaisy//build\libdaisy.a(stm32h7xx_hal_spi.o)
                0x0801096c                HAL_SPI_RxHalfCpltCallback
 .text.SPI_DMAHalfReceiveCplt
                0x08010970        0xc ../../libDaisy//build\libdaisy.a(stm32h7xx_hal_spi.o)
 .text.HAL_SPI_TxRxHalfCpltCallback
                0x0801097c        0x4 ../../libDaisy//build\libdaisy.a(stm32h7xx_hal_spi.o)
                0x0801097c                HAL_SPI_TxRxHalfCpltCallback
 .text.SPI_DMAHalfTransmitReceiveCplt
                0x08010980        0xc ../../libDaisy//build\libdaisy.a(stm32h7xx_hal_spi.o)
 .text.SPI_DMAError
                0x0801098c       0xd8 ../../libDaisy//build\libdaisy.a(stm32h7xx_hal_spi.o)
 .text.HAL_SPI_IRQHandler
                0x08010a64      0x23c ../../libDaisy//build\libdaisy.a(stm32h7xx_hal_spi.o)
                0x08010a64                HAL_SPI_IRQHandler
 .text.SPI_DMAAbortOnError
                0x08010ca0       0x1c ../../libDaisy//build\libdaisy.a(stm32h7xx_hal_spi.o)
 .text.HAL_SPI_GetState
                0x08010cbc        0x8 ../../libDaisy//build\libdaisy.a(stm32h7xx_hal_spi.o)
                0x08010cbc                HAL_SPI_GetState
 .text.HAL_TIM_Base_Init
                0x08010cc4      0x140 ../../libDaisy//build\libdaisy.a(stm32h7xx_hal_tim.o)
                0x08010cc4                HAL_TIM_Base_Init
 .text.HAL_TIM_Base_Start
                0x08010e04       0x34 ../../libDaisy//build\libdaisy.a(stm32h7xx_hal_tim.o)
                0x08010e04                HAL_TIM_Base_Start
 .text.HAL_TIM_Base_Start_IT
                0x08010e38       0x2c ../../libDaisy//build\libdaisy.a(stm32h7xx_hal_tim.o)
                0x08010e38                HAL_TIM_Base_Start_IT
 .text.HAL_TIM_ConfigClockSource
                0x08010e64      0x17c ../../libDaisy//build\libdaisy.a(stm32h7xx_hal_tim.o)
                0x08010e64                HAL_TIM_ConfigClockSource
 .text.HAL_TIM_OC_DelayElapsedCallback
                0x08010fe0        0x4 ../../libDaisy//build\libdaisy.a(stm32h7xx_hal_tim.o)
                0x08010fe0                HAL_TIM_OC_DelayElapsedCallback
 .text.HAL_TIM_IC_CaptureCallback
                0x08010fe4        0x4 ../../libDaisy//build\libdaisy.a(stm32h7xx_hal_tim.o)
                0x08010fe4                HAL_TIM_IC_CaptureCallback
 .text.HAL_TIM_PWM_PulseFinishedCallback
                0x08010fe8        0x4 ../../libDaisy//build\libdaisy.a(stm32h7xx_hal_tim.o)
                0x08010fe8                HAL_TIM_PWM_PulseFinishedCallback
 .text.HAL_TIM_TriggerCallback
                0x08010fec        0x4 ../../libDaisy//build\libdaisy.a(stm32h7xx_hal_tim.o)
                0x08010fec                HAL_TIM_TriggerCallback
 .text.HAL_TIM_IRQHandler
                0x08010ff0      0x170 ../../libDaisy//build\libdaisy.a(stm32h7xx_hal_tim.o)
                0x08010ff0                HAL_TIM_IRQHandler
 .text.HAL_TIMEx_MasterConfigSynchronization
                0x08011160       0x64 ../../libDaisy//build\libdaisy.a(stm32h7xx_hal_tim_ex.o)
                0x08011160                HAL_TIMEx_MasterConfigSynchronization
 .text.HAL_TIMEx_CommutCallback
                0x080111c4        0x4 ../../libDaisy//build\libdaisy.a(stm32h7xx_hal_tim_ex.o)
                0x080111c4                HAL_TIMEx_CommutCallback
 .text.HAL_TIMEx_BreakCallback
                0x080111c8        0x4 ../../libDaisy//build\libdaisy.a(stm32h7xx_hal_tim_ex.o)
                0x080111c8                HAL_TIMEx_BreakCallback
 .text.HAL_TIMEx_Break2Callback
                0x080111cc        0x4 ../../libDaisy//build\libdaisy.a(stm32h7xx_hal_tim_ex.o)
                0x080111cc                HAL_TIMEx_Break2Callback
 .text.HAL_UART_Transmit_DMA
                0x080111d0       0xa4 ../../libDaisy//build\libdaisy.a(stm32h7xx_hal_uart.o)